Archive member included to satisfy reference by file (symbol)

c:/program files/microchip/xc32/v4.35/bin/bin/../../lib/gcc/pic32c/8.3.1/arm/v5te/nofp\libgcc.a(_udivsi3.o)
                              build/dsi_xlcdc_rgba8888_ws_9x75_curiosity_720x720_round/debug/_ext/2010836581/gfx_canvas.o (__aeabi_uidiv)
c:/program files/microchip/xc32/v4.35/bin/bin/../../lib/gcc/pic32c/8.3.1/arm/v5te/nofp\libgcc.a(_divsi3.o)
                              build/dsi_xlcdc_rgba8888_ws_9x75_curiosity_720x720_round/debug/_ext/105237591/legato_math.o (__aeabi_idiv)
c:/program files/microchip/xc32/v4.35/bin/bin/../../lib/gcc/pic32c/8.3.1/arm/v5te/nofp\libgcc.a(_dvmd_tls.o)
                              c:/program files/microchip/xc32/v4.35/bin/bin/../../lib/gcc/pic32c/8.3.1/arm/v5te/nofp\libgcc.a(_udivsi3.o) (__aeabi_idiv0)
c:/program files/microchip/xc32/v4.35/bin/bin/../../lib/gcc/pic32c/8.3.1/arm/v5te/nofp\libgcc.a(_arm_addsubsf3.o)
                              build/dsi_xlcdc_rgba8888_ws_9x75_curiosity_720x720_round/debug/_ext/105237591/legato_math.o (__aeabi_fsub)
c:/program files/microchip/xc32/v4.35/bin/bin/../../lib/gcc/pic32c/8.3.1/arm/v5te/nofp\libgcc.a(_arm_muldivsf3.o)
                              build/dsi_xlcdc_rgba8888_ws_9x75_curiosity_720x720_round/debug/_ext/1085405985/ws_touch_display.o (__aeabi_fmul)
c:/program files/microchip/xc32/v4.35/bin/bin/../../lib/gcc/pic32c/8.3.1/arm/v5te/nofp\libgcc.a(_arm_cmpsf2.o)
                              build/dsi_xlcdc_rgba8888_ws_9x75_curiosity_720x720_round/debug/_ext/105237591/legato_math.o (__aeabi_fcmplt)
c:/program files/microchip/xc32/v4.35/bin/bin/../../lib/gcc/pic32c/8.3.1/arm/v5te/nofp\libgcc.a(_arm_fixsfsi.o)
                              build/dsi_xlcdc_rgba8888_ws_9x75_curiosity_720x720_round/debug/_ext/1966656405/gfx_driver.o (__aeabi_f2iz)
c:/program files/microchip/xc32/v4.35/bin/bin/../../lib/gcc/pic32c/8.3.1/arm/v5te/nofp\libgcc.a(_arm_fixunssfsi.o)
                              build/dsi_xlcdc_rgba8888_ws_9x75_curiosity_720x720_round/debug/_ext/1085405985/ws_touch_display.o (__aeabi_f2uiz)
c:/program files/microchip/xc32/v4.35/bin/bin/../../lib/gcc/pic32c/8.3.1/arm/v5te/nofp\libgcc.a(_aeabi_ldivmod.o)
                              build/dsi_xlcdc_rgba8888_ws_9x75_curiosity_720x720_round/debug/_ext/690637493/sys_time.o (__aeabi_ldivmod)
c:/program files/microchip/xc32/v4.35/bin/bin/../../lib/gcc/pic32c/8.3.1/arm/v5te/nofp\libgcc.a(_aeabi_uldivmod.o)
                              build/dsi_xlcdc_rgba8888_ws_9x75_curiosity_720x720_round/debug/_ext/690637493/sys_time.o (__aeabi_uldivmod)
c:/program files/microchip/xc32/v4.35/bin/bin/../../lib/gcc/pic32c/8.3.1/arm/v5te/nofp\libgcc.a(_udivmoddi4.o)
                              c:/program files/microchip/xc32/v4.35/bin/bin/../../lib/gcc/pic32c/8.3.1/arm/v5te/nofp\libgcc.a(_aeabi_ldivmod.o) (__udivmoddi4)
c:/program files/microchip/xc32/v4.35/bin/bin/../../lib/gcc/pic32c/8.3.1/../../../../pic32c/lib/arm/v5te/nofp\libm-musl.a(atan.o)
                              build/dsi_xlcdc_rgba8888_ws_9x75_curiosity_720x720_round/debug/_ext/105237591/legato_math.o (atan)
c:/program files/microchip/xc32/v4.35/bin/bin/../../lib/gcc/pic32c/8.3.1/../../../../pic32c/lib/arm/v5te/nofp\libm-musl.a(fabs.o)
                              c:/program files/microchip/xc32/v4.35/bin/bin/../../lib/gcc/pic32c/8.3.1/../../../../pic32c/lib/arm/v5te/nofp\libm-musl.a(atan.o) (fabs)
c:/program files/microchip/xc32/v4.35/bin/bin/../../lib/gcc/pic32c/8.3.1/../../../../pic32c/lib/arm/v5te/nofp\libg-musl.a(__libc_start_main.o)
                              build/dsi_xlcdc_rgba8888_ws_9x75_curiosity_720x720_round/debug/_ext/1295507646/cstartup.o (__libc_init_array)
c:/program files/microchip/xc32/v4.35/bin/bin/../../lib/gcc/pic32c/8.3.1/../../../../pic32c/lib/arm/v5te/nofp\libg-musl.a(libc.o)
                              c:/program files/microchip/xc32/v4.35/bin/bin/../../lib/gcc/pic32c/8.3.1/../../../../pic32c/lib/arm/v5te/nofp\libg-musl.a(__libc_start_main.o) (__progname_full)
c:/program files/microchip/xc32/v4.35/bin/bin/../../lib/gcc/pic32c/8.3.1/../../../../pic32c/lib/arm/v5te/nofp\libg-musl.a(__sio_printf_dnpuxX.o)
                              (_printf_dnpuxX)
c:/program files/microchip/xc32/v4.35/bin/bin/../../lib/gcc/pic32c/8.3.1/../../../../pic32c/lib/arm/v5te/nofp\libg-musl.a(__sio_sprintf_dnpuxX.o)
                              (_sprintf_dnpuxX)
c:/program files/microchip/xc32/v4.35/bin/bin/../../lib/gcc/pic32c/8.3.1/../../../../pic32c/lib/arm/v5te/nofp\libg-musl.a(__fmt_d.o)
                              c:/program files/microchip/xc32/v4.35/bin/bin/../../lib/gcc/pic32c/8.3.1/../../../../pic32c/lib/arm/v5te/nofp\libg-musl.a(__sio_printf_dnpuxX.o) (__fmt_d_needed)
c:/program files/microchip/xc32/v4.35/bin/bin/../../lib/gcc/pic32c/8.3.1/../../../../pic32c/lib/arm/v5te/nofp\libg-musl.a(__fmt_u.o)
[...]
Memory Configuration

Name             Origin             Length             Attributes
sram             0x00300000         0x00010000         xw
ram              0x21000000         0x0f000000         xwl !r
ram_nocache      0x20000000         0x01000000         !xrw
rom              0x00000000         0x00000000         xrl
*default*        0x00000000         0xffffffff

Linker script and memory map

LOAD c:/program files/microchip/xc32/v4.35/bin/bin/../../lib/gcc/pic32c/8.3.1/arm/v5te/nofp/crti.o
LOAD c:/program files/microchip/xc32/v4.35/bin/bin/../../lib/gcc/pic32c/8.3.1/arm/v5te/nofp/crtbegin.o
LOAD build/dsi_xlcdc_rgba8888_ws_9x75_curiosity_720x720_round/debug/_ext/1985065589/drv_i2c.o
LOAD build/dsi_xlcdc_rgba8888_ws_9x75_curiosity_720x720_round/debug/_ext/2010836581/gfx_canvas_api.o
LOAD build/dsi_xlcdc_rgba8888_ws_9x75_curiosity_720x720_round/debug/_ext/2010836581/gfx_canvas.o
LOAD build/dsi_xlcdc_rgba8888_ws_9x75_curiosity_720x720_round/debug/_ext/1085405985/ws_touch_display.o
LOAD build/dsi_xlcdc_rgba8888_ws_9x75_curiosity_720x720_round/debug/_ext/219820618/drv_gfx2d.o
LOAD build/dsi_xlcdc_rgba8888_ws_9x75_curiosity_720x720_round/debug/_ext/1247915868/plib_dsi.o
LOAD build/dsi_xlcdc_rgba8888_ws_9x75_curiosity_720x720_round/debug/_ext/225302149/plib_xlcdc.o
LOAD build/dsi_xlcdc_rgba8888_ws_9x75_curiosity_720x720_round/debug/_ext/505007713/drv_gfx_xlcdc.o
LOAD build/dsi_xlcdc_rgba8888_ws_9x75_curiosity_720x720_round/debug/_ext/1966656405/gfx_driver.o
LOAD build/dsi_xlcdc_rgba8888_ws_9x75_curiosity_720x720_round/debug/_ext/105237591/legato_error.o
LOAD build/dsi_xlcdc_rgba8888_ws_9x75_curiosity_720x720_round/debug/_ext/105237591/legato_math.o
LOAD build/dsi_xlcdc_rgba8888_ws_9x75_curiosity_720x720_round/debug/_ext/105237591/legato_rect.o
LOAD build/dsi_xlcdc_rgba8888_ws_9x75_curiosity_720x720_round/debug/_ext/105237591/legato_utils.o
LOAD build/dsi_xlcdc_rgba8888_ws_9x75_curiosity_720x720_round/debug/_ext/105237591/legato_color_blend.o
LOAD build/dsi_xlcdc_rgba8888_ws_9x75_curiosity_720x720_round/debug/_ext/105237591/legato_color.o
LOAD build/dsi_xlcdc_rgba8888_ws_9x75_curiosity_720x720_round/debug/_ext/105237591/legato_color_lerp.o
LOAD build/dsi_xlcdc_rgba8888_ws_9x75_curiosity_720x720_round/debug/_ext/105237591/legato_pixelbuffer.o
LOAD build/dsi_xlcdc_rgba8888_ws_9x75_curiosity_720x720_round/debug/_ext/105237591/legato_color_value.o
LOAD build/dsi_xlcdc_rgba8888_ws_9x75_curiosity_720x720_round/debug/_ext/105237591/legato_color_convert.o
LOAD build/dsi_xlcdc_rgba8888_ws_9x75_curiosity_720x720_round/debug/_ext/884805853/legato_event.o
LOAD build/dsi_xlcdc_rgba8888_ws_9x75_curiosity_720x720_round/debug/_ext/884805853/legato_stream.o
LOAD build/dsi_xlcdc_rgba8888_ws_9x75_curiosity_720x720_round/debug/_ext/884805853/legato_scheme.o
LOAD build/dsi_xlcdc_rgba8888_ws_9x75_curiosity_720x720_round/debug/_ext/884805853/legato_input.o
LOAD build/dsi_xlcdc_rgba8888_ws_9x75_curiosity_720x720_round/debug/_ext/884805853/legato_state.o
LOAD build/dsi_xlcdc_rgba8888_ws_9x75_curiosity_720x720_round/debug/_ext/778592651/legato_array.o
LOAD build/dsi_xlcdc_rgba8888_ws_9x75_curiosity_720x720_round/debug/_ext/778592651/legato_rectarray.o
LOAD build/dsi_xlcdc_rgba8888_ws_9x75_curiosity_720x720_round/debug/_ext/778592651/legato_list.o
LOAD build/dsi_xlcdc_rgba8888_ws_9x75_curiosity_720x720_round/debug/_ext/884895117/legato_rasterfont_liberationmono1.o
LOAD build/dsi_xlcdc_rgba8888_ws_9x75_curiosity_720x720_round/debug/_ext/884895117/legato_rasterfont_liberationmono8.o
LOAD build/dsi_xlcdc_rgba8888_ws_9x75_curiosity_720x720_round/debug/_ext/884895117/legato_rasterfont_stream.o
LOAD build/dsi_xlcdc_rgba8888_ws_9x75_curiosity_720x720_round/debug/_ext/884895117/legato_font.o
LOAD build/dsi_xlcdc_rgba8888_ws_9x75_curiosity_720x720_round/debug/_ext/1382756211/le_gen_fonts.o
LOAD build/dsi_xlcdc_rgba8888_ws_9x75_curiosity_720x720_round/debug/_ext/86928605/le_gen_images.o
LOAD build/dsi_xlcdc_rgba8888_ws_9x75_curiosity_720x720_round/debug/_ext/1322619606/le_gen_screen_Screen0.o
LOAD build/dsi_xlcdc_rgba8888_ws_9x75_curiosity_720x720_round/debug/_ext/1965903633/le_gen_globalpalette.o
LOAD build/dsi_xlcdc_rgba8888_ws_9x75_curiosity_720x720_round/debug/_ext/1965903633/le_gen_harmony.o
LOAD build/dsi_xlcdc_rgba8888_ws_9x75_curiosity_720x720_round/debug/_ext/1965903633/le_gen_scheme.o
LOAD build/dsi_xlcdc_rgba8888_ws_9x75_curiosity_720x720_round/debug/_ext/1965903633/le_gen_stringtable.o
LOAD build/dsi_xlcdc_rgba8888_ws_9x75_curiosity_720x720_round/debug/_ext/1965903633/le_gen_init.o
LOAD build/dsi_xlcdc_rgba8888_ws_9x75_curiosity_720x720_round/debug/_ext/979623078/legato_imagedecoder_jpeg_common.o
LOAD build/dsi_xlcdc_rgba8888_ws_9x75_curiosity_720x720_round/debug/_ext/979623078/jidctint.o
LOAD build/dsi_xlcdc_rgba8888_ws_9x75_curiosity_720x720_round/debug/_ext/979623078/legato_imagedecoder_jpeg.o
LOAD build/dsi_xlcdc_rgba8888_ws_9x75_curiosity_720x720_round/debug/_ext/979534379/legato_imagedecoder_mono_read_internal.o
LOAD build/dsi_xlcdc_rgba8888_ws_9x75_curiosity_720x720_round/debug/_ext/979534379/legato_imagedecoder_mono_read_stream.o
LOAD build/dsi_xlcdc_rgba8888_ws_9x75_curiosity_720x720_round/debug/_ext/979534379/legato_imagedecoder_mono.o
LOAD build/dsi_xlcdc_rgba8888_ws_9x75_curiosity_720x720_round/debug/_ext/799688951/legato_imagedecoder_png.o
LOAD build/dsi_xlcdc_rgba8888_ws_9x75_curiosity_720x720_round/debug/_ext/799688951/lodepng.o
LOAD build/dsi_xlcdc_rgba8888_ws_9x75_curiosity_720x720_round/debug/_ext/799690486/legato_imagedecoder_raw_convert.o
LOAD build/dsi_xlcdc_rgba8888_ws_9x75_curiosity_720x720_round/debug/_ext/799690486/legato_imagedecoder_raw_read_stream_rleindex.o
LOAD build/dsi_xlcdc_rgba8888_ws_9x75_curiosity_720x720_round/debug/_ext/799690486/legato_imagedecoder_raw_write.o
LOAD build/dsi_xlcdc_rgba8888_ws_9x75_curiosity_720x720_round/debug/_ext/799690486/legato_imagedecoder_raw_read_stream_index.o
LOAD build/dsi_xlcdc_rgba8888_ws_9x75_curiosity_720x720_round/debug/_ext/799690486/legato_imagedecoder_raw_read_internal.o
LOAD build/dsi_xlcdc_rgba8888_ws_9x75_curiosity_720x720_round/debug/_ext/799690486/legato_imagedecoder_raw_scale.o
LOAD build/dsi_xlcdc_rgba8888_ws_9x75_curiosity_720x720_round/debug/_ext/799690486/legato_imagedecoder_raw_mask.o
LOAD build/dsi_xlcdc_rgba8888_ws_9x75_curiosity_720x720_round/debug/_ext/799690486/legato_imagedecoder_raw_blend.o
LOAD build/dsi_xlcdc_rgba8888_ws_9x75_curiosity_720x720_round/debug/_ext/799690486/legato_imagedecoder_raw.o
LOAD build/dsi_xlcdc_rgba8888_ws_9x75_curiosity_720x720_round/debug/_ext/799690486/legato_imagedecoder_raw_read_stream_color.o
LOAD build/dsi_xlcdc_rgba8888_ws_9x75_curiosity_720x720_round/debug/_ext/799690486/legato_imagedecoder_raw_read_stream_rlecolor.o
LOAD build/dsi_xlcdc_rgba8888_ws_9x75_curiosity_720x720_round/debug/_ext/799690486/legato_imagedecoder_raw_setup.o
LOAD build/dsi_xlcdc_rgba8888_ws_9x75_curiosity_720x720_round/debug/_ext/799690486/legato_imagedecoder_raw_rotate.o
LOAD build/dsi_xlcdc_rgba8888_ws_9x75_curiosity_720x720_round/debug/_ext/799690486/legato_imagedecoder_raw_palette_internal.o
LOAD build/dsi_xlcdc_rgba8888_ws_9x75_curiosity_720x720_round/debug/_ext/799690486/legato_imagedecoder_raw_palette_stream.o
LOAD build/dsi_xlcdc_rgba8888_ws_9x75_curiosity_720x720_round/debug/_ext/1664643037/legato_image_utils.o
LOAD build/dsi_xlcdc_rgba8888_ws_9x75_curiosity_720x720_round/debug/_ext/1664643037/legato_image.o
LOAD build/dsi_xlcdc_rgba8888_ws_9x75_curiosity_720x720_round/debug/_ext/1664643037/legato_palette.o
LOAD build/dsi_xlcdc_rgba8888_ws_9x75_curiosity_720x720_round/debug/_ext/171820735/legato_variableheap.o
LOAD build/dsi_xlcdc_rgba8888_ws_9x75_curiosity_720x720_round/debug/_ext/171820735/legato_fixedheap.o
LOAD build/dsi_xlcdc_rgba8888_ws_9x75_curiosity_720x720_round/debug/_ext/171820735/legato_memory.o
LOAD build/dsi_xlcdc_rgba8888_ws_9x75_curiosity_720x720_round/debug/_ext/2053165825/legato_draw.o
LOAD build/dsi_xlcdc_rgba8888_ws_9x75_curiosity_720x720_round/debug/_ext/2053165825/legato_draw_line.o
LOAD build/dsi_xlcdc_rgba8888_ws_9x75_curiosity_720x720_round/debug/_ext/2053165825/legato_draw_rect.o
LOAD build/dsi_xlcdc_rgba8888_ws_9x75_curiosity_720x720_round/debug/_ext/2053165825/legato_draw_arc.o
LOAD build/dsi_xlcdc_rgba8888_ws_9x75_curiosity_720x720_round/debug/_ext/2053165825/legato_gpu.o
LOAD build/dsi_xlcdc_rgba8888_ws_9x75_curiosity_720x720_round/debug/_ext/2053165825/legato_renderer.o
LOAD build/dsi_xlcdc_rgba8888_ws_9x75_curiosity_720x720_round/debug/_ext/357591503/legato_string.o
LOAD build/dsi_xlcdc_rgba8888_ws_9x75_curiosity_720x720_round/debug/_ext/357591503/legato_stringutils.o
LOAD build/dsi_xlcdc_rgba8888_ws_9x75_curiosity_720x720_round/debug/_ext/357591503/legato_string_renderer.o
LOAD build/dsi_xlcdc_rgba8888_ws_9x75_curiosity_720x720_round/debug/_ext/357591503/legato_fixedstring.o
LOAD build/dsi_xlcdc_rgba8888_ws_9x75_curiosity_720x720_round/debug/_ext/357591503/legato_stringtable.o
LOAD build/dsi_xlcdc_rgba8888_ws_9x75_curiosity_720x720_round/debug/_ext/357591503/legato_tablestring.o
LOAD build/dsi_xlcdc_rgba8888_ws_9x75_curiosity_720x720_round/debug/_ext/357591503/legato_dynamicstring.o
LOAD build/dsi_xlcdc_rgba8888_ws_9x75_curiosity_720x720_round/debug/_ext/357591503/legato_string_renderer_stream.o
LOAD build/dsi_xlcdc_rgba8888_ws_9x75_curiosity_720x720_round/debug/_ext/199453381/legato_widget_arc.o
LOAD build/dsi_xlcdc_rgba8888_ws_9x75_curiosity_720x720_round/debug/_ext/199453381/legato_widget_arc_skin_classic.o
LOAD build/dsi_xlcdc_rgba8888_ws_9x75_curiosity_720x720_round/debug/_ext/535443592/legato_widget_bar_graph.o
LOAD build/dsi_xlcdc_rgba8888_ws_9x75_curiosity_720x720_round/debug/_ext/535443592/legato_widget_bar_graph_skin_classic.o
LOAD build/dsi_xlcdc_rgba8888_ws_9x75_curiosity_720x720_round/debug/_ext/2007924191/legato_widget_button_skin_classic.o
LOAD build/dsi_xlcdc_rgba8888_ws_9x75_curiosity_720x720_round/debug/_ext/2007924191/legato_widget_button.o
LOAD build/dsi_xlcdc_rgba8888_ws_9x75_curiosity_720x720_round/debug/_ext/475235536/legato_widget_checkbox.o
LOAD build/dsi_xlcdc_rgba8888_ws_9x75_curiosity_720x720_round/debug/_ext/475235536/legato_widget_checkbox_skin_classic.o
LOAD build/dsi_xlcdc_rgba8888_ws_9x75_curiosity_720x720_round/debug/_ext/2025395069/legato_widget_circle.o
LOAD build/dsi_xlcdc_rgba8888_ws_9x75_curiosity_720x720_round/debug/_ext/2025395069/legato_widget_circle_skin_classic.o
LOAD build/dsi_xlcdc_rgba8888_ws_9x75_curiosity_720x720_round/debug/_ext/1167905389/legato_widget_circular_gauge_skin_classic.o
LOAD build/dsi_xlcdc_rgba8888_ws_9x75_curiosity_720x720_round/debug/_ext/1167905389/legato_widget_circular_gauge.o
LOAD build/dsi_xlcdc_rgba8888_ws_9x75_curiosity_720x720_round/debug/_ext/2096290323/legato_widget_circular_slider_skin_classic.o
LOAD build/dsi_xlcdc_rgba8888_ws_9x75_curiosity_720x720_round/debug/_ext/2096290323/legato_widget_circular_slider.o
LOAD build/dsi_xlcdc_rgba8888_ws_9x75_curiosity_720x720_round/debug/_ext/1490933852/legato_widget_drawsurface.o
LOAD build/dsi_xlcdc_rgba8888_ws_9x75_curiosity_720x720_round/debug/_ext/1490933852/legato_widget_drawsurface_skin_classic.o
LOAD build/dsi_xlcdc_rgba8888_ws_9x75_curiosity_720x720_round/debug/_ext/1922476387/legato_widget_gradient_skin_classic.o
LOAD build/dsi_xlcdc_rgba8888_ws_9x75_curiosity_720x720_round/debug/_ext/1922476387/legato_widget_gradient.o
LOAD build/dsi_xlcdc_rgba8888_ws_9x75_curiosity_720x720_round/debug/_ext/1505762727/legato_widget_groupbox.o
LOAD build/dsi_xlcdc_rgba8888_ws_9x75_curiosity_720x720_round/debug/_ext/1505762727/legato_widget_groupbox_skin_classic.o
LOAD build/dsi_xlcdc_rgba8888_ws_9x75_curiosity_720x720_round/debug/_ext/1591588594/legato_widget_image_skin_classic.o
LOAD build/dsi_xlcdc_rgba8888_ws_9x75_curiosity_720x720_round/debug/_ext/1591588594/legato_widget_image.o
LOAD build/dsi_xlcdc_rgba8888_ws_9x75_curiosity_720x720_round/debug/_ext/335127529/legato_widget_imagerotate.o
LOAD build/dsi_xlcdc_rgba8888_ws_9x75_curiosity_720x720_round/debug/_ext/335127529/legato_widget_imagerotate_skin_classic.o
LOAD build/dsi_xlcdc_rgba8888_ws_9x75_curiosity_720x720_round/debug/_ext/1951021308/legato_widget_imagescale_skin_classic.o
LOAD build/dsi_xlcdc_rgba8888_ws_9x75_curiosity_720x720_round/debug/_ext/1951021308/legato_widget_imagescale.o
LOAD build/dsi_xlcdc_rgba8888_ws_9x75_curiosity_720x720_round/debug/_ext/1324864207/legato_widget_imagesequence_skin_classic.o
LOAD build/dsi_xlcdc_rgba8888_ws_9x75_curiosity_720x720_round/debug/_ext/1324864207/legato_widget_imagesequence.o
LOAD build/dsi_xlcdc_rgba8888_ws_9x75_curiosity_720x720_round/debug/_ext/2044012415/legato_widget_keypad.o
LOAD build/dsi_xlcdc_rgba8888_ws_9x75_curiosity_720x720_round/debug/_ext/2044012415/legato_widget_keypad_skin_classic.o
LOAD build/dsi_xlcdc_rgba8888_ws_9x75_curiosity_720x720_round/debug/_ext/1589174617/legato_widget_label_skin_classic.o
LOAD build/dsi_xlcdc_rgba8888_ws_9x75_curiosity_720x720_round/debug/_ext/1589174617/legato_widget_label.o
LOAD build/dsi_xlcdc_rgba8888_ws_9x75_curiosity_720x720_round/debug/_ext/1888407009/legato_widget_line_skin_classic.o
LOAD build/dsi_xlcdc_rgba8888_ws_9x75_curiosity_720x720_round/debug/_ext/1888407009/legato_widget_line.o
LOAD build/dsi_xlcdc_rgba8888_ws_9x75_curiosity_720x720_round/debug/_ext/259815437/legato_widget_line_graph.o
LOAD build/dsi_xlcdc_rgba8888_ws_9x75_curiosity_720x720_round/debug/_ext/259815437/legato_widget_line_graph_skin_classic.o
LOAD build/dsi_xlcdc_rgba8888_ws_9x75_curiosity_720x720_round/debug/_ext/1888407179/legato_widget_list.o
LOAD build/dsi_xlcdc_rgba8888_ws_9x75_curiosity_720x720_round/debug/_ext/1888407179/legato_widget_list_skin_classic.o
LOAD build/dsi_xlcdc_rgba8888_ws_9x75_curiosity_720x720_round/debug/_ext/846285744/legato_widget_listwheel.o
LOAD build/dsi_xlcdc_rgba8888_ws_9x75_curiosity_720x720_round/debug/_ext/846285744/legato_widget_listwheel_skin_classic.o
LOAD build/dsi_xlcdc_rgba8888_ws_9x75_curiosity_720x720_round/debug/_ext/1593875775/legato_widget_pie_chart_skin_classic.o
LOAD build/dsi_xlcdc_rgba8888_ws_9x75_curiosity_720x720_round/debug/_ext/1593875775/legato_widget_pie_chart.o
LOAD build/dsi_xlcdc_rgba8888_ws_9x75_curiosity_720x720_round/debug/_ext/1591624647/legato_widget_progressbar.o
LOAD build/dsi_xlcdc_rgba8888_ws_9x75_curiosity_720x720_round/debug/_ext/1591624647/legato_widget_progressbar_skin_classic.o
LOAD build/dsi_xlcdc_rgba8888_ws_9x75_curiosity_720x720_round/debug/_ext/1310158805/legato_widget_radial_menu.o
LOAD build/dsi_xlcdc_rgba8888_ws_9x75_curiosity_720x720_round/debug/_ext/1310158805/legato_widget_radial_menu_skin_classic.o
LOAD build/dsi_xlcdc_rgba8888_ws_9x75_curiosity_720x720_round/debug/_ext/1310158805/legato_widget_radial_menu_state.o
LOAD build/dsi_xlcdc_rgba8888_ws_9x75_curiosity_720x720_round/debug/_ext/1596448864/legato_radiobutton_group.o
LOAD build/dsi_xlcdc_rgba8888_ws_9x75_curiosity_720x720_round/debug/_ext/1596448864/legato_widget_radiobutton_skin_classic.o
LOAD build/dsi_xlcdc_rgba8888_ws_9x75_curiosity_720x720_round/debug/_ext/1596448864/legato_widget_radiobutton.o
LOAD build/dsi_xlcdc_rgba8888_ws_9x75_curiosity_720x720_round/debug/_ext/1125106782/legato_widget_rectangle.o
LOAD build/dsi_xlcdc_rgba8888_ws_9x75_curiosity_720x720_round/debug/_ext/1125106782/legato_widget_rectangle_skin_classic.o
LOAD build/dsi_xlcdc_rgba8888_ws_9x75_curiosity_720x720_round/debug/_ext/1828613031/legato_widget_scrollbar.o
LOAD build/dsi_xlcdc_rgba8888_ws_9x75_curiosity_720x720_round/debug/_ext/1828613031/legato_widget_scrollbar_skin_classic.o
LOAD build/dsi_xlcdc_rgba8888_ws_9x75_curiosity_720x720_round/debug/_ext/1809002610/legato_widget_slider_skin_classic.o
LOAD build/dsi_xlcdc_rgba8888_ws_9x75_curiosity_720x720_round/debug/_ext/1809002610/legato_widget_slider.o
LOAD build/dsi_xlcdc_rgba8888_ws_9x75_curiosity_720x720_round/debug/_ext/1017126432/legato_widget_textfield.o
LOAD build/dsi_xlcdc_rgba8888_ws_9x75_curiosity_720x720_round/debug/_ext/1017126432/legato_widget_textfield_skin_classic.o
LOAD build/dsi_xlcdc_rgba8888_ws_9x75_curiosity_720x720_round/debug/_ext/1881671036/legato_widget_touchtest_skin_classic.o
LOAD build/dsi_xlcdc_rgba8888_ws_9x75_curiosity_720x720_round/debug/_ext/1881671036/legato_widget_touchtest.o
LOAD build/dsi_xlcdc_rgba8888_ws_9x75_curiosity_720x720_round/debug/_ext/1697107299/legato_widget_window_skin_classic.o
LOAD build/dsi_xlcdc_rgba8888_ws_9x75_curiosity_720x720_round/debug/_ext/1697107299/legato_widget_window.o
LOAD build/dsi_xlcdc_rgba8888_ws_9x75_curiosity_720x720_round/debug/_ext/461530114/legato_widget_skin_classic_common.o
LOAD build/dsi_xlcdc_rgba8888_ws_9x75_curiosity_720x720_round/debug/_ext/461530114/legato_widget_skin_classic.o
LOAD build/dsi_xlcdc_rgba8888_ws_9x75_curiosity_720x720_round/debug/_ext/461530114/legato_widget.o
LOAD build/dsi_xlcdc_rgba8888_ws_9x75_curiosity_720x720_round/debug/_ext/461530114/legato_editwidget.o
LOAD build/dsi_xlcdc_rgba8888_ws_9x75_curiosity_720x720_round/debug/_ext/1886844053/plib_aic.o
LOAD build/dsi_xlcdc_rgba8888_ws_9x75_curiosity_720x720_round/debug/_ext/1886846076/plib_clk.o
LOAD build/dsi_xlcdc_rgba8888_ws_9x75_curiosity_720x720_round/debug/_ext/1637293614/plib_dbgu.o
LOAD build/dsi_xlcdc_rgba8888_ws_9x75_curiosity_720x720_round/debug/_ext/545877704/plib_flexcom6_twi_master.o
LOAD build/dsi_xlcdc_rgba8888_ws_9x75_curiosity_720x720_round/debug/_ext/786409605/plib_gfx2d.o
LOAD build/dsi_xlcdc_rgba8888_ws_9x75_curiosity_720x720_round/debug/_ext/1886855727/plib_mmu.o
LOAD build/dsi_xlcdc_rgba8888_ws_9x75_curiosity_720x720_round/debug/_ext/1886858480/plib_pio.o
LOAD build/dsi_xlcdc_rgba8888_ws_9x75_curiosity_720x720_round/debug/_ext/1886860748/plib_rtt.o
LOAD build/dsi_xlcdc_rgba8888_ws_9x75_curiosity_720x720_round/debug/_ext/60866517/plib_tc1.o
LOAD build/dsi_xlcdc_rgba8888_ws_9x75_curiosity_720x720_round/debug/_ext/1477359996/xc32_monitor.o
LOAD build/dsi_xlcdc_rgba8888_ws_9x75_curiosity_720x720_round/debug/_ext/1955154609/sys_cache.o
LOAD build/dsi_xlcdc_rgba8888_ws_9x75_curiosity_720x720_round/debug/_ext/1949213289/sys_input.o
LOAD build/dsi_xlcdc_rgba8888_ws_9x75_curiosity_720x720_round/debug/_ext/1949213289/sys_input_listener.o
LOAD build/dsi_xlcdc_rgba8888_ws_9x75_curiosity_720x720_round/debug/_ext/586618287/sys_int.o
LOAD build/dsi_xlcdc_rgba8888_ws_9x75_curiosity_720x720_round/debug/_ext/690637493/sys_time.o
LOAD build/dsi_xlcdc_rgba8888_ws_9x75_curiosity_720x720_round/debug/_ext/1295507646/cstartup.o
LOAD build/dsi_xlcdc_rgba8888_ws_9x75_curiosity_720x720_round/debug/_ext/1295507646/interrupts.o
LOAD build/dsi_xlcdc_rgba8888_ws_9x75_curiosity_720x720_round/debug/_ext/1295507646/initialization.o
LOAD build/dsi_xlcdc_rgba8888_ws_9x75_curiosity_720x720_round/debug/_ext/1295507646/fault_handlers.o
LOAD build/dsi_xlcdc_rgba8888_ws_9x75_curiosity_720x720_round/debug/_ext/1295507646/tasks.o
LOAD build/dsi_xlcdc_rgba8888_ws_9x75_curiosity_720x720_round/debug/_ext/1360937237/main.o
LOAD build/dsi_xlcdc_rgba8888_ws_9x75_curiosity_720x720_round/debug/_ext/1360937237/app.o
LOAD build/dsi_xlcdc_rgba8888_ws_9x75_curiosity_720x720_round/debug/_ext/1360937237/app_drive.o
                0x00000001                __MPLAB_BUILD = 0x1
                0x00001000                C_STACK_SIZE = 0x1000
                0x00000060                IRQ_STACK_SIZE = 0x60
                0x00000060                FIQ_STACK_SIZE = 0x60
                0x00001000                SVC_STACK_SIZE = 0x1000
                0x00000040                ABT_STACK_SIZE = 0x40
                0x00000040                UND_STACK_SIZE = 0x40

.text           0x23f00000   0xb012e0
                0x23f00000                . = ALIGN (0x4)
                [!provide]                PROVIDE (_sfixed = .)
 *(.textEntry)
 .textEntry     0x23f00000      0x10c build/dsi_xlcdc_rgba8888_ws_9x75_curiosity_720x720_round/debug/_ext/1295507646/cstartup.o
                0x23f00000                entry
 *(.text .text.* .gnu.linkonce.t.*)
 .text          0x23f0010c       0x70 c:/program files/microchip/xc32/v4.35/bin/bin/../../lib/gcc/pic32c/8.3.1/arm/v5te/nofp/crtbegin.o
 .text.lDRV_I2C_ResourceLock
                0x23f0017c      0x10c build/dsi_xlcdc_rgba8888_ws_9x75_curiosity_720x720_round/debug/_ext/1985065589/drv_i2c.o
 .text.lDRV_I2C_ResourceUnlock
                0x23f00288       0xac build/dsi_xlcdc_rgba8888_ws_9x75_curiosity_720x720_round/debug/_ext/1985065589/drv_i2c.o
 .text.lDRV_I2C_NextTransferInitiate.isra.5
                0x23f00334      0x1a8 build/dsi_xlcdc_rgba8888_ws_9x75_curiosity_720x720_round/debug/_ext/1985065589/drv_i2c.o
 .text.lDRV_I2C_PLibCallbackHandler
                0x23f004dc       0xfc build/dsi_xlcdc_rgba8888_ws_9x75_curiosity_720x720_round/debug/_ext/1985065589/drv_i2c.o
 .text.DRV_I2C_Initialize
                0x23f005d8       0xb8 build/dsi_xlcdc_rgba8888_ws_9x75_curiosity_720x720_round/debug/_ext/1985065589/drv_i2c.o
                0x23f005d8                DRV_I2C_Initialize
 .text.DRV_I2C_Open
                0x23f00690      0x144 build/dsi_xlcdc_rgba8888_ws_9x75_curiosity_720x720_round/debug/_ext/1985065589/drv_i2c.o
                0x23f00690                DRV_I2C_Open
 .text.DRV_I2C_TransferEventHandlerSet
                0x23f007d4       0x90 build/dsi_xlcdc_rgba8888_ws_9x75_curiosity_720x720_round/debug/_ext/1985065589/drv_i2c.o
                0x23f007d4                DRV_I2C_TransferEventHandlerSet
 .text.DRV_I2C_ErrorGet
                0x23f00864      0x124 build/dsi_xlcdc_rgba8888_ws_9x75_curiosity_720x720_round/debug/_ext/1985065589/drv_i2c.o
                0x23f00864                DRV_I2C_ErrorGet
 .text.DRV_I2C_WriteTransferAdd
                0x23f00988      0x2d4 build/dsi_xlcdc_rgba8888_ws_9x75_curiosity_720x720_round/debug/_ext/1985065589/drv_i2c.o
                0x23f00988                DRV_I2C_WriteTransferAdd
 .text.DRV_I2C_WriteReadTransferAdd
                0x23f00c5c      0x310 build/dsi_xlcdc_rgba8888_ws_9x75_curiosity_720x720_round/debug/_ext/1985065589/drv_i2c.o
                0x23f00c5c                DRV_I2C_WriteReadTransferAdd
 .text.gfxcCreate
                0x23f00f6c       0x8c build/dsi_xlcdc_rgba8888_ws_9x75_curiosity_720x720_round/debug/_ext/2010836581/gfx_canvas_api.o
                0x23f00f6c                gfxcCreate
 .text.gfxcSetPixelBuffer
                0x23f00ff8       0x6c build/dsi_xlcdc_rgba8888_ws_9x75_curiosity_720x720_round/debug/_ext/2010836581/gfx_canvas_api.o
                0x23f00ff8                gfxcSetPixelBuffer
 .text.gfxcSetLayer
                0x23f01064       0x40 build/dsi_xlcdc_rgba8888_ws_9x75_curiosity_720x720_round/debug/_ext/2010836581/gfx_canvas_api.o
                0x23f01064                gfxcSetLayer
 .text.gfxcSetWindowAlpha
                0x23f010a4       0x28 build/dsi_xlcdc_rgba8888_ws_9x75_curiosity_720x720_round/debug/_ext/2010836581/gfx_canvas_api.o
                0x23f010a4                gfxcSetWindowAlpha
 .text.gfxcSetWindowPosition
                0x23f010cc       0x2c build/dsi_xlcdc_rgba8888_ws_9x75_curiosity_720x720_round/debug/_ext/2010836581/gfx_canvas_api.o
                0x23f010cc                gfxcSetWindowPosition
 .text.gfxcSetWindowSize
                0x23f010f8       0x2c build/dsi_xlcdc_rgba8888_ws_9x75_curiosity_720x720_round/debug/_ext/2010836581/gfx_canvas_api.o
                0x23f010f8                gfxcSetWindowSize
 .text.gfxcShowCanvas
                0x23f01124       0x2c build/dsi_xlcdc_rgba8888_ws_9x75_curiosity_720x720_round/debug/_ext/2010836581/gfx_canvas_api.o
                0x23f01124                gfxcShowCanvas
 .text.gfxcHideCanvas
                0x23f01150       0x28 build/dsi_xlcdc_rgba8888_ws_9x75_curiosity_720x720_round/debug/_ext/2010836581/gfx_canvas_api.o
                0x23f01150                gfxcHideCanvas
 .text.gfxcCanvasUpdate
                0x23f01178       0x20 build/dsi_xlcdc_rgba8888_ws_9x75_curiosity_720x720_round/debug/_ext/2010836581/gfx_canvas_api.o
                0x23f01178                gfxcCanvasUpdate
 .text.gfxcStartEffectFade
                0x23f01198       0x94 build/dsi_xlcdc_rgba8888_ws_9x75_curiosity_720x720_round/debug/_ext/2010836581/gfx_canvas_api.o
                0x23f01198                gfxcStartEffectFade
 .text.effectsTimerCallback
                0x23f0122c       0x18 build/dsi_xlcdc_rgba8888_ws_9x75_curiosity_720x720_round/debug/_ext/2010836581/gfx_canvas.o
 .text.GFXC_Update
                0x23f01244        0x4 build/dsi_xlcdc_rgba8888_ws_9x75_curiosity_720x720_round/debug/_ext/2010836581/gfx_canvas.o
 .text.GFX_CANVAS_IOCTL
                0x23f01248      0x31c build/dsi_xlcdc_rgba8888_ws_9x75_curiosity_720x720_round/debug/_ext/2010836581/gfx_canvas.o
 .text.GFXC_BlitBuffer
                0x23f01564       0xd8 build/dsi_xlcdc_rgba8888_ws_9x75_curiosity_720x720_round/debug/_ext/2010836581/gfx_canvas.o
 .text.GFX_CANVAS_Initialize
                0x23f0163c      0x164 build/dsi_xlcdc_rgba8888_ws_9x75_curiosity_720x720_round/debug/_ext/2010836581/gfx_canvas.o
                0x23f0163c                GFX_CANVAS_Initialize
 .text._gfxcCanvasUpdate
                0x23f017a0      0x2b0 build/dsi_xlcdc_rgba8888_ws_9x75_curiosity_720x720_round/debug/_ext/2010836581/gfx_canvas.o
                0x23f017a0                _gfxcCanvasUpdate
 .text._gfxcStartEffects
                0x23f01a50       0x1c build/dsi_xlcdc_rgba8888_ws_9x75_curiosity_720x720_round/debug/_ext/2010836581/gfx_canvas.o
                0x23f01a50                _gfxcStartEffects
 .text.GFX_CANVAS_Task
                0x23f01a6c      0x400 build/dsi_xlcdc_rgba8888_ws_9x75_curiosity_720x720_round/debug/_ext/2010836581/gfx_canvas.o
                0x23f01a6c                GFX_CANVAS_Task
 .text.DISP_I2CEventHandler
                0x23f01e6c       0xac build/dsi_xlcdc_rgba8888_ws_9x75_curiosity_720x720_round/debug/_ext/1085405985/ws_touch_display.o
 .text.DISP_WS_Initialize
                0x23f01f18       0x2c build/dsi_xlcdc_rgba8888_ws_9x75_curiosity_720x720_round/debug/_ext/1085405985/ws_touch_display.o
                0x23f01f18                DISP_WS_Initialize
 .text.DISP_WS_Update
                0x23f01f44      0x8a8 build/dsi_xlcdc_rgba8888_ws_9x75_curiosity_720x720_round/debug/_ext/1085405985/ws_touch_display.o
                0x23f01f44                DISP_WS_Update
 .text.DRV_GFX2D_Initialize
                0x23f027ec       0x28 build/dsi_xlcdc_rgba8888_ws_9x75_curiosity_720x720_round/debug/_ext/219820618/drv_gfx2d.o
                0x23f027ec                DRV_GFX2D_Initialize
 .text.DRV_GFX2D_Fill
                0x23f02814       0x8c build/dsi_xlcdc_rgba8888_ws_9x75_curiosity_720x720_round/debug/_ext/219820618/drv_gfx2d.o
                0x23f02814                DRV_GFX2D_Fill
 .text.DRV_GFX2D_Blit
                0x23f028a0      0x11c build/dsi_xlcdc_rgba8888_ws_9x75_curiosity_720x720_round/debug/_ext/219820618/drv_gfx2d.o
                0x23f028a0                DRV_GFX2D_Blit
 .text.DRV_GFX2D_SetBlend
                0x23f029bc       0x14 build/dsi_xlcdc_rgba8888_ws_9x75_curiosity_720x720_round/debug/_ext/219820618/drv_gfx2d.o
                0x23f029bc                DRV_GFX2D_SetBlend
 .text.DRV_GFX2D_SetGlobalAlpha
                0x23f029d0        0x8 build/dsi_xlcdc_rgba8888_ws_9x75_curiosity_720x720_round/debug/_ext/219820618/drv_gfx2d.o
                0x23f029d0                DRV_GFX2D_SetGlobalAlpha
 .text.DRV_GFX2D_SetPalette
                0x23f029d8        0x8 build/dsi_xlcdc_rgba8888_ws_9x75_curiosity_720x720_round/debug/_ext/219820618/drv_gfx2d.o
                0x23f029d8                DRV_GFX2D_SetPalette
 .text.DRV_GFX2D_SetTransparency
                0x23f029e0        0x8 build/dsi_xlcdc_rgba8888_ws_9x75_curiosity_720x720_round/debug/_ext/219820618/drv_gfx2d.o
                0x23f029e0                DRV_GFX2D_SetTransparency
 .text.DSI_Initialize
                0x23f029e8      0x1b4 build/dsi_xlcdc_rgba8888_ws_9x75_curiosity_720x720_round/debug/_ext/1247915868/plib_dsi.o
                0x23f029e8                DSI_Initialize
 .text.DSI_VideoMode
                0x23f02b9c       0x78 build/dsi_xlcdc_rgba8888_ws_9x75_curiosity_720x720_round/debug/_ext/1247915868/plib_dsi.o
                0x23f02b9c                DSI_VideoMode
 .text.XLCDC_SetupHEOLayer
                0x23f02c14      0x10c build/dsi_xlcdc_rgba8888_ws_9x75_curiosity_720x720_round/debug/_ext/225302149/plib_xlcdc.o
                0x23f02c14                XLCDC_SetupHEOLayer
 .text.XLCDC_SetLayerEnable
                0x23f02d20      0x110 build/dsi_xlcdc_rgba8888_ws_9x75_curiosity_720x720_round/debug/_ext/225302149/plib_xlcdc.o
                0x23f02d20                XLCDC_SetLayerEnable
 .text.XLCDC_SetLayerOpts
                0x23f02e30      0x138 build/dsi_xlcdc_rgba8888_ws_9x75_curiosity_720x720_round/debug/_ext/225302149/plib_xlcdc.o
                0x23f02e30                XLCDC_SetLayerOpts
 .text.XLCDC_SetLayerWindowXYPos
                0x23f02f68      0x144 build/dsi_xlcdc_rgba8888_ws_9x75_curiosity_720x720_round/debug/_ext/225302149/plib_xlcdc.o
                0x23f02f68                XLCDC_SetLayerWindowXYPos
 .text.XLCDC_SetLayerWindowXYSize
                0x23f030ac      0x170 build/dsi_xlcdc_rgba8888_ws_9x75_curiosity_720x720_round/debug/_ext/225302149/plib_xlcdc.o
                0x23f030ac                XLCDC_SetLayerWindowXYSize
 .text.XLCDC_SetLayerXStride
                0x23f0321c      0x110 build/dsi_xlcdc_rgba8888_ws_9x75_curiosity_720x720_round/debug/_ext/225302149/plib_xlcdc.o
                0x23f0321c                XLCDC_SetLayerXStride
 .text.XLCDC_SetLayerAddress
                0x23f0332c      0x110 build/dsi_xlcdc_rgba8888_ws_9x75_curiosity_720x720_round/debug/_ext/225302149/plib_xlcdc.o
                0x23f0332c                XLCDC_SetLayerAddress
 .text.XLCDC_Start
                0x23f0343c       0xac build/dsi_xlcdc_rgba8888_ws_9x75_curiosity_720x720_round/debug/_ext/225302149/plib_xlcdc.o
                0x23f0343c                XLCDC_Start
 .text.XLCDC_Initialize
                0x23f034e8      0x200 build/dsi_xlcdc_rgba8888_ws_9x75_curiosity_720x720_round/debug/_ext/225302149/plib_xlcdc.o
                0x23f034e8                XLCDC_Initialize
 .text.DRV_XLCDC_Update
                0x23f036e8       0x1c build/dsi_xlcdc_rgba8888_ws_9x75_curiosity_720x720_round/debug/_ext/505007713/drv_gfx_xlcdc.o
                0x23f036e8                DRV_XLCDC_Update
 .text.DRV_XLCDC_Initialize
                0x23f03704      0x114 build/dsi_xlcdc_rgba8888_ws_9x75_curiosity_720x720_round/debug/_ext/505007713/drv_gfx_xlcdc.o
                0x23f03704                DRV_XLCDC_Initialize
 .text.DRV_XLCDC_BlitBuffer
                0x23f03818       0xcc build/dsi_xlcdc_rgba8888_ws_9x75_curiosity_720x720_round/debug/_ext/505007713/drv_gfx_xlcdc.o
                0x23f03818                DRV_XLCDC_BlitBuffer
 .text.DRV_XLCDC_IOCTL
                0x23f038e4      0x43c build/dsi_xlcdc_rgba8888_ws_9x75_curiosity_720x720_round/debug/_ext/505007713/drv_gfx_xlcdc.o
                0x23f038e4                DRV_XLCDC_IOCTL
 .text.gfxPixelBufferCreate
                0x23f03d20       0xdc build/dsi_xlcdc_rgba8888_ws_9x75_curiosity_720x720_round/debug/_ext/1966656405/gfx_driver.o
                0x23f03d20                gfxPixelBufferCreate
 .text.gfxPixelBufferOffsetGet
                0x23f03dfc       0x4c build/dsi_xlcdc_rgba8888_ws_9x75_curiosity_720x720_round/debug/_ext/1966656405/gfx_driver.o
                0x23f03dfc                gfxPixelBufferOffsetGet
 .text.gfxPixelBuffer_IsLocked
                0x23f03e48       0x10 build/dsi_xlcdc_rgba8888_ws_9x75_curiosity_720x720_round/debug/_ext/1966656405/gfx_driver.o
                0x23f03e48                gfxPixelBuffer_IsLocked
 .text.gfxPixelBuffer_SetLocked
                0x23f03e58       0x2c build/dsi_xlcdc_rgba8888_ws_9x75_curiosity_720x720_round/debug/_ext/1966656405/gfx_driver.o
                0x23f03e58                gfxPixelBuffer_SetLocked
 .text.leQueryArcQuadrants
                0x23f03e84      0x118 build/dsi_xlcdc_rgba8888_ws_9x75_curiosity_720x720_round/debug/_ext/105237591/legato_math.o
 .text.lePolarToXY
                0x23f03f9c      0x178 build/dsi_xlcdc_rgba8888_ws_9x75_curiosity_720x720_round/debug/_ext/105237591/legato_math.o
                0x23f03f9c                lePolarToXY
 .text.leMini   0x23f04114        0xc build/dsi_xlcdc_rgba8888_ws_9x75_curiosity_720x720_round/debug/_ext/105237591/legato_math.o
                0x23f04114                leMini
 .text.leMaxi   0x23f04120        0xc build/dsi_xlcdc_rgba8888_ws_9x75_curiosity_720x720_round/debug/_ext/105237591/legato_math.o
                0x23f04120                leMaxi
 .text.leClampi
                0x23f0412c       0x18 build/dsi_xlcdc_rgba8888_ws_9x75_curiosity_720x720_round/debug/_ext/105237591/legato_math.o
                0x23f0412c                leClampi
 .text.lePercent
                0x23f04144       0x1c build/dsi_xlcdc_rgba8888_ws_9x75_curiosity_720x720_round/debug/_ext/105237591/legato_math.o
                0x23f04144                lePercent
 .text.lePercentWholeRounded
                0x23f04160       0x3c build/dsi_xlcdc_rgba8888_ws_9x75_curiosity_720x720_round/debug/_ext/105237591/legato_math.o
                0x23f04160                lePercentWholeRounded
 .text.lePercentOf
                0x23f0419c       0x5c build/dsi_xlcdc_rgba8888_ws_9x75_curiosity_720x720_round/debug/_ext/105237591/legato_math.o
                0x23f0419c                lePercentOf
 .text.leScaleInteger
                0x23f041f8       0x44 build/dsi_xlcdc_rgba8888_ws_9x75_curiosity_720x720_round/debug/_ext/105237591/legato_math.o
                0x23f041f8                leScaleInteger
 .text.leLerp   0x23f0423c       0xe4 build/dsi_xlcdc_rgba8888_ws_9x75_curiosity_720x720_round/debug/_ext/105237591/legato_math.o
                0x23f0423c                leLerp
 .text.lePointOnLineSide
                0x23f04320       0x60 build/dsi_xlcdc_rgba8888_ws_9x75_curiosity_720x720_round/debug/_ext/105237591/legato_math.o
                0x23f04320                lePointOnLineSide
 .text.leRotatePoint
                0x23f04380      0x1e4 build/dsi_xlcdc_rgba8888_ws_9x75_curiosity_720x720_round/debug/_ext/105237591/legato_math.o
                0x23f04380                leRotatePoint
 .text.leRotatedRectBounds
                0x23f04564      0x750 build/dsi_xlcdc_rgba8888_ws_9x75_curiosity_720x720_round/debug/_ext/105237591/legato_math.o
                0x23f04564                leRotatedRectBounds
 .text.leSqrt   0x23f04cb4       0x58 build/dsi_xlcdc_rgba8888_ws_9x75_curiosity_720x720_round/debug/_ext/105237591/legato_math.o
                0x23f04cb4                leSqrt
 .text.lePointOnCircle
                0x23f04d0c      0x19c build/dsi_xlcdc_rgba8888_ws_9x75_curiosity_720x720_round/debug/_ext/105237591/legato_math.o
                0x23f04d0c                lePointOnCircle
 .text.leResolveAngles
                0x23f04ea8      0x414 build/dsi_xlcdc_rgba8888_ws_9x75_curiosity_720x720_round/debug/_ext/105237591/legato_math.o
                0x23f04ea8                leResolveAngles
 .text.leRound  0x23f052bc       0x88 build/dsi_xlcdc_rgba8888_ws_9x75_curiosity_720x720_round/debug/_ext/105237591/legato_math.o
                0x23f052bc                leRound
 .text.leRectContainsPoint
                0x23f05344       0x50 build/dsi_xlcdc_rgba8888_ws_9x75_curiosity_720x720_round/debug/_ext/105237591/legato_rect.o
                0x23f05344                leRectContainsPoint
 .text.leRectContainsRect
                0x23f05394       0x6c build/dsi_xlcdc_rgba8888_ws_9x75_curiosity_720x720_round/debug/_ext/105237591/legato_rect.o
                0x23f05394                leRectContainsRect
 .text.leRectIntersects
                0x23f05400       0x60 build/dsi_xlcdc_rgba8888_ws_9x75_curiosity_720x720_round/debug/_ext/105237591/legato_rect.o
                0x23f05400                leRectIntersects
 .text.leRectCombine
                0x23f05460       0x88 build/dsi_xlcdc_rgba8888_ws_9x75_curiosity_720x720_round/debug/_ext/105237591/legato_rect.o
                0x23f05460                leRectCombine
 .text.leRectClipAdj
                0x23f054e8      0x1a8 build/dsi_xlcdc_rgba8888_ws_9x75_curiosity_720x720_round/debug/_ext/105237591/legato_rect.o
                0x23f054e8                leRectClipAdj
 .text.leRectClip
                0x23f05690       0x98 build/dsi_xlcdc_rgba8888_ws_9x75_curiosity_720x720_round/debug/_ext/105237591/legato_rect.o
                0x23f05690                leRectClip
 .text.leRectCompare
                0x23f05728       0x50 build/dsi_xlcdc_rgba8888_ws_9x75_curiosity_720x720_round/debug/_ext/105237591/legato_rect.o
                0x23f05728                leRectCompare
 .text.leRectsAreSimilar
                0x23f05778       0xac build/dsi_xlcdc_rgba8888_ws_9x75_curiosity_720x720_round/debug/_ext/105237591/legato_rect.o
                0x23f05778                leRectsAreSimilar
 .text.leUtils_PickFromWidget
                0x23f05824       0xc4 build/dsi_xlcdc_rgba8888_ws_9x75_curiosity_720x720_round/debug/_ext/105237591/legato_utils.o
                0x23f05824                leUtils_PickFromWidget
 .text.leUtils_RectToScreenSpace
                0x23f058e8       0x50 build/dsi_xlcdc_rgba8888_ws_9x75_curiosity_720x720_round/debug/_ext/105237591/legato_utils.o
                0x23f058e8                leUtils_RectToScreenSpace
 .text.leUtils_ClipRectToAncestors
                0x23f05938       0x94 build/dsi_xlcdc_rgba8888_ws_9x75_curiosity_720x720_round/debug/_ext/105237591/legato_utils.o
                0x23f05938                leUtils_ClipRectToAncestors
 .text.leUtils_ArrangeRectangle
                0x23f059cc      0x298 build/dsi_xlcdc_rgba8888_ws_9x75_curiosity_720x720_round/debug/_ext/105237591/legato_utils.o
                0x23f059cc                leUtils_ArrangeRectangle
 .text.leUtils_ArrangeRectangleRelative
                0x23f05c64      0x2b8 build/dsi_xlcdc_rgba8888_ws_9x75_curiosity_720x720_round/debug/_ext/105237591/legato_utils.o
                0x23f05c64                leUtils_ArrangeRectangleRelative
 .text.leUtils_GetSchemeLookupTable
                0x23f05f1c       0x60 build/dsi_xlcdc_rgba8888_ws_9x75_curiosity_720x720_round/debug/_ext/105237591/legato_utils.o
                0x23f05f1c                leUtils_GetSchemeLookupTable
 .text.leColorBlend_RGBA_8888
                0x23f05f7c      0x170 build/dsi_xlcdc_rgba8888_ws_9x75_curiosity_720x720_round/debug/_ext/105237591/legato_color_blend.o
                0x23f05f7c                leColorBlend_RGBA_8888
 .text.leColorBlend_ARGB_8888
                0x23f060ec      0x144 build/dsi_xlcdc_rgba8888_ws_9x75_curiosity_720x720_round/debug/_ext/105237591/legato_color_blend.o
                0x23f060ec                leColorBlend_ARGB_8888
 .text.leColorChannelAlpha
                0x23f06230       0x30 build/dsi_xlcdc_rgba8888_ws_9x75_curiosity_720x720_round/debug/_ext/105237591/legato_color.o
                0x23f06230                leColorChannelAlpha
 .text.leColorSwap
                0x23f06260       0x9c build/dsi_xlcdc_rgba8888_ws_9x75_curiosity_720x720_round/debug/_ext/105237591/legato_color.o
                0x23f06260                leColorSwap
 .text.lerp_rgba8888
                0x23f062fc       0x78 build/dsi_xlcdc_rgba8888_ws_9x75_curiosity_720x720_round/debug/_ext/105237591/legato_color_lerp.o
 .text.lerp_rgb888
                0x23f06374       0x60 build/dsi_xlcdc_rgba8888_ws_9x75_curiosity_720x720_round/debug/_ext/105237591/legato_color_lerp.o
 .text.lerp_rgba5551
                0x23f063d4       0x74 build/dsi_xlcdc_rgba8888_ws_9x75_curiosity_720x720_round/debug/_ext/105237591/legato_color_lerp.o
 .text.lerp_rgb565
                0x23f06448       0x60 build/dsi_xlcdc_rgba8888_ws_9x75_curiosity_720x720_round/debug/_ext/105237591/legato_color_lerp.o
 .text.lerp_rgb332
                0x23f064a8       0x60 build/dsi_xlcdc_rgba8888_ws_9x75_curiosity_720x720_round/debug/_ext/105237591/legato_color_lerp.o
 .text.lerp_gs8
                0x23f06508        0x4 build/dsi_xlcdc_rgba8888_ws_9x75_curiosity_720x720_round/debug/_ext/105237591/legato_color_lerp.o
 .text.lerp_argb8888
                0x23f0650c       0x78 build/dsi_xlcdc_rgba8888_ws_9x75_curiosity_720x720_round/debug/_ext/105237591/legato_color_lerp.o
 .text.leColorBilerp
                0x23f06584       0xc4 build/dsi_xlcdc_rgba8888_ws_9x75_curiosity_720x720_round/debug/_ext/105237591/legato_color_lerp.o
                0x23f06584                leColorBilerp
 .text.indexGet1bpp
                0x23f06648       0x20 build/dsi_xlcdc_rgba8888_ws_9x75_curiosity_720x720_round/debug/_ext/105237591/legato_pixelbuffer.o
 .text.indexGet4bpp
                0x23f06668       0x18 build/dsi_xlcdc_rgba8888_ws_9x75_curiosity_720x720_round/debug/_ext/105237591/legato_pixelbuffer.o
 .text.indexGet
                0x23f06680       0x54 build/dsi_xlcdc_rgba8888_ws_9x75_curiosity_720x720_round/debug/_ext/105237591/legato_pixelbuffer.o
 .text.get1byte
                0x23f066d4        0x8 build/dsi_xlcdc_rgba8888_ws_9x75_curiosity_720x720_round/debug/_ext/105237591/legato_pixelbuffer.o
 .text.get2byte
                0x23f066dc        0x8 build/dsi_xlcdc_rgba8888_ws_9x75_curiosity_720x720_round/debug/_ext/105237591/legato_pixelbuffer.o
 .text.get3byte
                0x23f066e4       0x1c build/dsi_xlcdc_rgba8888_ws_9x75_curiosity_720x720_round/debug/_ext/105237591/legato_pixelbuffer.o
 .text.get4byte
                0x23f06700        0x8 build/dsi_xlcdc_rgba8888_ws_9x75_curiosity_720x720_round/debug/_ext/105237591/legato_pixelbuffer.o
 .text.set1byte
                0x23f06708        0xc build/dsi_xlcdc_rgba8888_ws_9x75_curiosity_720x720_round/debug/_ext/105237591/legato_pixelbuffer.o
 .text.set2byte
                0x23f06714        0xc build/dsi_xlcdc_rgba8888_ws_9x75_curiosity_720x720_round/debug/_ext/105237591/legato_pixelbuffer.o
 .text.set3byte
                0x23f06720       0x1c build/dsi_xlcdc_rgba8888_ws_9x75_curiosity_720x720_round/debug/_ext/105237591/legato_pixelbuffer.o
 .text.set4byte
                0x23f0673c        0xc build/dsi_xlcdc_rgba8888_ws_9x75_curiosity_720x720_round/debug/_ext/105237591/legato_pixelbuffer.o
 .text.lePixelBufferCreate
                0x23f06748       0xd4 build/dsi_xlcdc_rgba8888_ws_9x75_curiosity_720x720_round/debug/_ext/105237591/legato_pixelbuffer.o
                0x23f06748                lePixelBufferCreate
 .text.lePixelBufferOffsetGet
                0x23f0681c       0x60 build/dsi_xlcdc_rgba8888_ws_9x75_curiosity_720x720_round/debug/_ext/105237591/legato_pixelbuffer.o
                0x23f0681c                lePixelBufferOffsetGet
 .text.lePixelBufferGet_Unsafe
                0x23f0687c       0x7c build/dsi_xlcdc_rgba8888_ws_9x75_curiosity_720x720_round/debug/_ext/105237591/legato_pixelbuffer.o
                0x23f0687c                lePixelBufferGet_Unsafe
 .text.lePixelBufferGetIndex_Unsafe
                0x23f068f8       0x24 build/dsi_xlcdc_rgba8888_ws_9x75_curiosity_720x720_round/debug/_ext/105237591/legato_pixelbuffer.o
                0x23f068f8                lePixelBufferGetIndex_Unsafe
 .text.lePixelBufferSet
                0x23f0691c       0x98 build/dsi_xlcdc_rgba8888_ws_9x75_curiosity_720x720_round/debug/_ext/105237591/legato_pixelbuffer.o
                0x23f0691c                lePixelBufferSet
 .text.lePixelBufferSet_Unsafe
                0x23f069b4       0x7c build/dsi_xlcdc_rgba8888_ws_9x75_curiosity_720x720_round/debug/_ext/105237591/legato_pixelbuffer.o
                0x23f069b4                lePixelBufferSet_Unsafe
 .text.lePixelBufferAreaFill_Unsafe
                0x23f06a30      0x208 build/dsi_xlcdc_rgba8888_ws_9x75_curiosity_720x720_round/debug/_ext/105237591/legato_pixelbuffer.o
                0x23f06a30                lePixelBufferAreaFill_Unsafe
 .text.lePixelBufferAreaFill
                0x23f06c38       0x94 build/dsi_xlcdc_rgba8888_ws_9x75_curiosity_720x720_round/debug/_ext/105237591/legato_pixelbuffer.o
                0x23f06c38                lePixelBufferAreaFill
 .text.lePixelBufferCopy
                0x23f06ccc      0x1b8 build/dsi_xlcdc_rgba8888_ws_9x75_curiosity_720x720_round/debug/_ext/105237591/legato_pixelbuffer.o
                0x23f06ccc                lePixelBufferCopy
 .text.no_conv  0x23f06e84        0x4 build/dsi_xlcdc_rgba8888_ws_9x75_curiosity_720x720_round/debug/_ext/105237591/legato_color_convert.o
 .text.gs8_rgb332
                0x23f06e88       0x10 build/dsi_xlcdc_rgba8888_ws_9x75_curiosity_720x720_round/debug/_ext/105237591/legato_color_convert.o
 .text.gs8_rgb565
                0x23f06e98       0x20 build/dsi_xlcdc_rgba8888_ws_9x75_curiosity_720x720_round/debug/_ext/105237591/legato_color_convert.o
 .text.gs8_rgba5551
                0x23f06eb8       0x28 build/dsi_xlcdc_rgba8888_ws_9x75_curiosity_720x720_round/debug/_ext/105237591/legato_color_convert.o
 .text.gs8_rgb888
                0x23f06ee0       0x10 build/dsi_xlcdc_rgba8888_ws_9x75_curiosity_720x720_round/debug/_ext/105237591/legato_color_convert.o
 .text.gs8_rgba8888
                0x23f06ef0       0x14 build/dsi_xlcdc_rgba8888_ws_9x75_curiosity_720x720_round/debug/_ext/105237591/legato_color_convert.o
 .text.gs8_argb8888
                0x23f06f04       0x14 build/dsi_xlcdc_rgba8888_ws_9x75_curiosity_720x720_round/debug/_ext/105237591/legato_color_convert.o
 .text.gs8_mono
                0x23f06f18       0x10 build/dsi_xlcdc_rgba8888_ws_9x75_curiosity_720x720_round/debug/_ext/105237591/legato_color_convert.o
 .text.rgb332_rgb565
                0x23f06f28       0x2c build/dsi_xlcdc_rgba8888_ws_9x75_curiosity_720x720_round/debug/_ext/105237591/legato_color_convert.o
 .text.rgb332_rgba5551
                0x23f06f54       0x2c build/dsi_xlcdc_rgba8888_ws_9x75_curiosity_720x720_round/debug/_ext/105237591/legato_color_convert.o
 .text.rgb332_rgb888
                0x23f06f80       0x30 build/dsi_xlcdc_rgba8888_ws_9x75_curiosity_720x720_round/debug/_ext/105237591/legato_color_convert.o
 .text.rgb332_rgba8888
                0x23f06fb0       0x34 build/dsi_xlcdc_rgba8888_ws_9x75_curiosity_720x720_round/debug/_ext/105237591/legato_color_convert.o
 .text.rgb332_argb8888
                0x23f06fe4       0x30 build/dsi_xlcdc_rgba8888_ws_9x75_curiosity_720x720_round/debug/_ext/105237591/legato_color_convert.o
 .text.rgb565_rgb332
                0x23f07014       0x20 build/dsi_xlcdc_rgba8888_ws_9x75_curiosity_720x720_round/debug/_ext/105237591/legato_color_convert.o
 .text.rgb565_rgba5551
                0x23f07034       0x20 build/dsi_xlcdc_rgba8888_ws_9x75_curiosity_720x720_round/debug/_ext/105237591/legato_color_convert.o
 .text.rgb565_rgb888
                0x23f07054       0x24 build/dsi_xlcdc_rgba8888_ws_9x75_curiosity_720x720_round/debug/_ext/105237591/legato_color_convert.o
 .text.rgb565_rgba8888
                0x23f07078       0x2c build/dsi_xlcdc_rgba8888_ws_9x75_curiosity_720x720_round/debug/_ext/105237591/legato_color_convert.o
 .text.rgb565_argb8888
                0x23f070a4       0x28 build/dsi_xlcdc_rgba8888_ws_9x75_curiosity_720x720_round/debug/_ext/105237591/legato_color_convert.o
 .text.rgba5551_rgb332
                0x23f070cc       0x20 build/dsi_xlcdc_rgba8888_ws_9x75_curiosity_720x720_round/debug/_ext/105237591/legato_color_convert.o
 .text.rgba5551_rgb565
                0x23f070ec       0x1c build/dsi_xlcdc_rgba8888_ws_9x75_curiosity_720x720_round/debug/_ext/105237591/legato_color_convert.o
 .text.rgba5551_rgb888
                0x23f07108       0x30 build/dsi_xlcdc_rgba8888_ws_9x75_curiosity_720x720_round/debug/_ext/105237591/legato_color_convert.o
 .text.rgba5551_rgba8888
                0x23f07138       0x38 build/dsi_xlcdc_rgba8888_ws_9x75_curiosity_720x720_round/debug/_ext/105237591/legato_color_convert.o
 .text.rgba5551_argb8888
                0x23f07170       0x3c build/dsi_xlcdc_rgba8888_ws_9x75_curiosity_720x720_round/debug/_ext/105237591/legato_color_convert.o
 .text.rgb888_rgb332
                0x23f071ac       0x24 build/dsi_xlcdc_rgba8888_ws_9x75_curiosity_720x720_round/debug/_ext/105237591/legato_color_convert.o
 .text.rgb888_rgb565
                0x23f071d0       0x20 build/dsi_xlcdc_rgba8888_ws_9x75_curiosity_720x720_round/debug/_ext/105237591/legato_color_convert.o
 .text.rgb888_rgba5551
                0x23f071f0       0x28 build/dsi_xlcdc_rgba8888_ws_9x75_curiosity_720x720_round/debug/_ext/105237591/legato_color_convert.o
 .text.rgb888_rgba8888
                0x23f07218        0xc build/dsi_xlcdc_rgba8888_ws_9x75_curiosity_720x720_round/debug/_ext/105237591/legato_color_convert.o
 .text.rgb888_argb8888
                0x23f07224        0x8 build/dsi_xlcdc_rgba8888_ws_9x75_curiosity_720x720_round/debug/_ext/105237591/legato_color_convert.o
 .text.rgba8888_rgb332
                0x23f0722c       0x20 build/dsi_xlcdc_rgba8888_ws_9x75_curiosity_720x720_round/debug/_ext/105237591/legato_color_convert.o
 .text.rgba8888_rgb565
                0x23f0724c       0x20 build/dsi_xlcdc_rgba8888_ws_9x75_curiosity_720x720_round/debug/_ext/105237591/legato_color_convert.o
 .text.rgba8888_rgba5551
                0x23f0726c       0x34 build/dsi_xlcdc_rgba8888_ws_9x75_curiosity_720x720_round/debug/_ext/105237591/legato_color_convert.o
 .text.rgba8888_rgb888
                0x23f072a0        0x8 build/dsi_xlcdc_rgba8888_ws_9x75_curiosity_720x720_round/debug/_ext/105237591/legato_color_convert.o
 .text.rgba8888_argb8888
                0x23f072a8        0x8 build/dsi_xlcdc_rgba8888_ws_9x75_curiosity_720x720_round/debug/_ext/105237591/legato_color_convert.o
 .text.argb8888_rgba5551
                0x23f072b0       0x34 build/dsi_xlcdc_rgba8888_ws_9x75_curiosity_720x720_round/debug/_ext/105237591/legato_color_convert.o
 .text.argb8888_rgb888
                0x23f072e4        0x8 build/dsi_xlcdc_rgba8888_ws_9x75_curiosity_720x720_round/debug/_ext/105237591/legato_color_convert.o
 .text.argb8888_rgba8888
                0x23f072ec        0x8 build/dsi_xlcdc_rgba8888_ws_9x75_curiosity_720x720_round/debug/_ext/105237591/legato_color_convert.o
 .text.rgb565_gs8
                0x23f072f4       0x54 build/dsi_xlcdc_rgba8888_ws_9x75_curiosity_720x720_round/debug/_ext/105237591/legato_color_convert.o
 .text.rgb332_gs8
                0x23f07348       0x54 build/dsi_xlcdc_rgba8888_ws_9x75_curiosity_720x720_round/debug/_ext/105237591/legato_color_convert.o
 .text.rgba8888_gs8
                0x23f0739c        0x4 build/dsi_xlcdc_rgba8888_ws_9x75_curiosity_720x720_round/debug/_ext/105237591/legato_color_convert.o
 .text.rgba5551_gs8
                0x23f073a0        0x4 build/dsi_xlcdc_rgba8888_ws_9x75_curiosity_720x720_round/debug/_ext/105237591/legato_color_convert.o
 .text.rgb888_gs8
                0x23f073a4        0x4 build/dsi_xlcdc_rgba8888_ws_9x75_curiosity_720x720_round/debug/_ext/105237591/legato_color_convert.o
 .text.leColorConvert
                0x23f073a8       0x20 build/dsi_xlcdc_rgba8888_ws_9x75_curiosity_720x720_round/debug/_ext/105237591/legato_color_convert.o
                0x23f073a8                leColorConvert
 .text._leGetEventState
                0x23f073c8        0xc build/dsi_xlcdc_rgba8888_ws_9x75_curiosity_720x720_round/debug/_ext/884805853/legato_event.o
                0x23f073c8                _leGetEventState
 .text.leEvent_Init
                0x23f073d4       0x20 build/dsi_xlcdc_rgba8888_ws_9x75_curiosity_720x720_round/debug/_ext/884805853/legato_event.o
                0x23f073d4                leEvent_Init
 .text.leEvent_AddEvent
                0x23f073f4       0x28 build/dsi_xlcdc_rgba8888_ws_9x75_curiosity_720x720_round/debug/_ext/884805853/legato_event.o
                0x23f073f4                leEvent_AddEvent
 .text.leEvent_ProcessEvents
                0x23f0741c       0xa4 build/dsi_xlcdc_rgba8888_ws_9x75_curiosity_720x720_round/debug/_ext/884805853/legato_event.o
                0x23f0741c                leEvent_ProcessEvents
 .text.leScheme_GetRenderColor
                0x23f074c0       0x38 build/dsi_xlcdc_rgba8888_ws_9x75_curiosity_720x720_round/debug/_ext/884805853/legato_scheme.o
                0x23f074c0                leScheme_GetRenderColor
 .text.leInput_Init
                0x23f074f8       0x2c build/dsi_xlcdc_rgba8888_ws_9x75_curiosity_720x720_round/debug/_ext/884805853/legato_input.o
                0x23f074f8                leInput_Init
 .text.leInput_InjectTouchDown
                0x23f07524       0xb0 build/dsi_xlcdc_rgba8888_ws_9x75_curiosity_720x720_round/debug/_ext/884805853/legato_input.o
                0x23f07524                leInput_InjectTouchDown
 .text.leInput_InjectTouchUp
                0x23f075d4       0x94 build/dsi_xlcdc_rgba8888_ws_9x75_curiosity_720x720_round/debug/_ext/884805853/legato_input.o
                0x23f075d4                leInput_InjectTouchUp
 .text.leInput_InjectTouchMoved
                0x23f07668      0x114 build/dsi_xlcdc_rgba8888_ws_9x75_curiosity_720x720_round/debug/_ext/884805853/legato_input.o
                0x23f07668                leInput_InjectTouchMoved
 .text.handleTouchDown
                0x23f0777c      0x118 build/dsi_xlcdc_rgba8888_ws_9x75_curiosity_720x720_round/debug/_ext/884805853/legato_input.o
                0x23f0777c                handleTouchDown
 .text._leInput_HandleInputEvent
                0x23f07894       0xf0 build/dsi_xlcdc_rgba8888_ws_9x75_curiosity_720x720_round/debug/_ext/884805853/legato_input.o
                0x23f07894                _leInput_HandleInputEvent
 .text.updateWidget
                0x23f07984       0x4c build/dsi_xlcdc_rgba8888_ws_9x75_curiosity_720x720_round/debug/_ext/884805853/legato_state.o
 .text.leGetState
                0x23f079d0        0xc build/dsi_xlcdc_rgba8888_ws_9x75_curiosity_720x720_round/debug/_ext/884805853/legato_state.o
                0x23f079d0                leGetState
 .text.leUpdate
                0x23f079dc      0x148 build/dsi_xlcdc_rgba8888_ws_9x75_curiosity_720x720_round/debug/_ext/884805853/legato_state.o
                0x23f079dc                leUpdate
 .text.leAddLayer
                0x23f07b24       0xb4 build/dsi_xlcdc_rgba8888_ws_9x75_curiosity_720x720_round/debug/_ext/884805853/legato_state.o
                0x23f07b24                leAddLayer
 .text.leInitialize
                0x23f07bd8       0xa4 build/dsi_xlcdc_rgba8888_ws_9x75_curiosity_720x720_round/debug/_ext/884805853/legato_state.o
                0x23f07bd8                leInitialize
 .text.leGetLayerState
                0x23f07c7c       0x3c build/dsi_xlcdc_rgba8888_ws_9x75_curiosity_720x720_round/debug/_ext/884805853/legato_state.o
                0x23f07c7c                leGetLayerState
 .text.leGetLayerColorMode
                0x23f07cb8       0x48 build/dsi_xlcdc_rgba8888_ws_9x75_curiosity_720x720_round/debug/_ext/884805853/legato_state.o
                0x23f07cb8                leGetLayerColorMode
 .text.leSetLayerColorMode
                0x23f07d00       0xa0 build/dsi_xlcdc_rgba8888_ws_9x75_curiosity_720x720_round/debug/_ext/884805853/legato_state.o
                0x23f07d00                leSetLayerColorMode
 .text.leGetLayerRenderHorizontal
                0x23f07da0       0x48 build/dsi_xlcdc_rgba8888_ws_9x75_curiosity_720x720_round/debug/_ext/884805853/legato_state.o
                0x23f07da0                leGetLayerRenderHorizontal
 .text.leSetStringTable
                0x23f07de8       0x50 build/dsi_xlcdc_rgba8888_ws_9x75_curiosity_720x720_round/debug/_ext/884805853/legato_state.o
                0x23f07de8                leSetStringTable
 .text.leGetFocusWidget
                0x23f07e38       0x10 build/dsi_xlcdc_rgba8888_ws_9x75_curiosity_720x720_round/debug/_ext/884805853/legato_state.o
                0x23f07e38                leGetFocusWidget
 .text.leSetFocusWidget
                0x23f07e48       0x78 build/dsi_xlcdc_rgba8888_ws_9x75_curiosity_720x720_round/debug/_ext/884805853/legato_state.o
                0x23f07e48                leSetFocusWidget
 .text.leGetEditWidget
                0x23f07ec0       0x10 build/dsi_xlcdc_rgba8888_ws_9x75_curiosity_720x720_round/debug/_ext/884805853/legato_state.o
                0x23f07ec0                leGetEditWidget
 .text.leSetEditWidget
                0x23f07ed0       0x6c build/dsi_xlcdc_rgba8888_ws_9x75_curiosity_720x720_round/debug/_ext/884805853/legato_state.o
                0x23f07ed0                leSetEditWidget
 .text.leIsDrawing
                0x23f07f3c       0x14 build/dsi_xlcdc_rgba8888_ws_9x75_curiosity_720x720_round/debug/_ext/884805853/legato_state.o
                0x23f07f3c                leIsDrawing
 .text.leAddRootWidget
                0x23f07f50       0x5c build/dsi_xlcdc_rgba8888_ws_9x75_curiosity_720x720_round/debug/_ext/884805853/legato_state.o
                0x23f07f50                leAddRootWidget
 .text.leRemoveRootWidget
                0x23f07fac       0x6c build/dsi_xlcdc_rgba8888_ws_9x75_curiosity_720x720_round/debug/_ext/884805853/legato_state.o
                0x23f07fac                leRemoveRootWidget
 .text.leWidgetIsInScene
                0x23f08018       0x88 build/dsi_xlcdc_rgba8888_ws_9x75_curiosity_720x720_round/debug/_ext/884805853/legato_state.o
                0x23f08018                leWidgetIsInScene
 .text.leGetWidgetLayer
                0x23f080a0       0x84 build/dsi_xlcdc_rgba8888_ws_9x75_curiosity_720x720_round/debug/_ext/884805853/legato_state.o
                0x23f080a0                leGetWidgetLayer
 .text.leArray_Create
                0x23f08124       0x1c build/dsi_xlcdc_rgba8888_ws_9x75_curiosity_720x720_round/debug/_ext/778592651/legato_array.o
                0x23f08124                leArray_Create
 .text.leArray_PushBack
                0x23f08140       0x7c build/dsi_xlcdc_rgba8888_ws_9x75_curiosity_720x720_round/debug/_ext/778592651/legato_array.o
                0x23f08140                leArray_PushBack
 .text.leArray_InsertAt
                0x23f081bc      0x18c build/dsi_xlcdc_rgba8888_ws_9x75_curiosity_720x720_round/debug/_ext/778592651/legato_array.o
                0x23f081bc                leArray_InsertAt
 .text.leArray_RemoveAt
                0x23f08348       0x68 build/dsi_xlcdc_rgba8888_ws_9x75_curiosity_720x720_round/debug/_ext/778592651/legato_array.o
                0x23f08348                leArray_RemoveAt
 .text.leArray_Remove
                0x23f083b0       0xb8 build/dsi_xlcdc_rgba8888_ws_9x75_curiosity_720x720_round/debug/_ext/778592651/legato_array.o
                0x23f083b0                leArray_Remove
 .text.leArray_Get
                0x23f08468       0x18 build/dsi_xlcdc_rgba8888_ws_9x75_curiosity_720x720_round/debug/_ext/778592651/legato_array.o
                0x23f08468                leArray_Get
 .text.leArray_Find
                0x23f08480       0x5c build/dsi_xlcdc_rgba8888_ws_9x75_curiosity_720x720_round/debug/_ext/778592651/legato_array.o
                0x23f08480                leArray_Find
 .text.leArray_Clear
                0x23f084dc       0x38 build/dsi_xlcdc_rgba8888_ws_9x75_curiosity_720x720_round/debug/_ext/778592651/legato_array.o
                0x23f084dc                leArray_Clear
 .text.leRectArray_SortBySize.part.1
                0x23f08514       0xb0 build/dsi_xlcdc_rgba8888_ws_9x75_curiosity_720x720_round/debug/_ext/778592651/legato_rectarray.o
 .text.leRectArray_Create
                0x23f085c4       0x1c build/dsi_xlcdc_rgba8888_ws_9x75_curiosity_720x720_round/debug/_ext/778592651/legato_rectarray.o
                0x23f085c4                leRectArray_Create
 .text.leRectArray_PushBack
                0x23f085e0       0x9c build/dsi_xlcdc_rgba8888_ws_9x75_curiosity_720x720_round/debug/_ext/778592651/legato_rectarray.o
                0x23f085e0                leRectArray_PushBack
 .text.leRectArray_RemoveAt
                0x23f0867c       0x90 build/dsi_xlcdc_rgba8888_ws_9x75_curiosity_720x720_round/debug/_ext/778592651/legato_rectarray.o
                0x23f0867c                leRectArray_RemoveAt
 .text.leRectArray_Copy
                0x23f0870c       0x94 build/dsi_xlcdc_rgba8888_ws_9x75_curiosity_720x720_round/debug/_ext/778592651/legato_rectarray.o
                0x23f0870c                leRectArray_Copy
 .text.leRectArray_Clear
                0x23f087a0       0x14 build/dsi_xlcdc_rgba8888_ws_9x75_curiosity_720x720_round/debug/_ext/778592651/legato_rectarray.o
                0x23f087a0                leRectArray_Clear
 .text.leRectArray_Destroy
                0x23f087b4       0x3c build/dsi_xlcdc_rgba8888_ws_9x75_curiosity_720x720_round/debug/_ext/778592651/legato_rectarray.o
                0x23f087b4                leRectArray_Destroy
 .text.leRectArray_RemoveDuplicates
                0x23f087f0       0xf8 build/dsi_xlcdc_rgba8888_ws_9x75_curiosity_720x720_round/debug/_ext/778592651/legato_rectarray.o
                0x23f087f0                leRectArray_RemoveDuplicates
 .text.leRectArray_SortByX
                0x23f088e8       0xf8 build/dsi_xlcdc_rgba8888_ws_9x75_curiosity_720x720_round/debug/_ext/778592651/legato_rectarray.o
                0x23f088e8                leRectArray_SortByX
 .text.leRectArray_SortByY
                0x23f089e0       0xfc build/dsi_xlcdc_rgba8888_ws_9x75_curiosity_720x720_round/debug/_ext/778592651/legato_rectarray.o
                0x23f089e0                leRectArray_SortByY
 .text.leRectArray_MergeSimilar
                0x23f08adc       0xfc build/dsi_xlcdc_rgba8888_ws_9x75_curiosity_720x720_round/debug/_ext/778592651/legato_rectarray.o
                0x23f08adc                leRectArray_MergeSimilar
 .text.leRectArray_RemoveOverlapping
                0x23f08bd8       0xf0 build/dsi_xlcdc_rgba8888_ws_9x75_curiosity_720x720_round/debug/_ext/778592651/legato_rectarray.o
                0x23f08bd8                leRectArray_RemoveOverlapping
 .text.leRectArray_CropToSizeY
                0x23f08cc8      0x18c build/dsi_xlcdc_rgba8888_ws_9x75_curiosity_720x720_round/debug/_ext/778592651/legato_rectarray.o
                0x23f08cc8                leRectArray_CropToSizeY
 .text.leRectArray_CropToSizeX
                0x23f08e54      0x18c build/dsi_xlcdc_rgba8888_ws_9x75_curiosity_720x720_round/debug/_ext/778592651/legato_rectarray.o
                0x23f08e54                leRectArray_CropToSizeX
 .text.leList_Create
                0x23f08fe0       0x1c build/dsi_xlcdc_rgba8888_ws_9x75_curiosity_720x720_round/debug/_ext/778592651/legato_list.o
                0x23f08fe0                leList_Create
 .text.leList_PushBack
                0x23f08ffc       0x58 build/dsi_xlcdc_rgba8888_ws_9x75_curiosity_720x720_round/debug/_ext/778592651/legato_list.o
                0x23f08ffc                leList_PushBack
 .text.leList_Get
                0x23f09054       0x44 build/dsi_xlcdc_rgba8888_ws_9x75_curiosity_720x720_round/debug/_ext/778592651/legato_list.o
                0x23f09054                leList_Get
 .text.leList_Remove
                0x23f09098       0xa4 build/dsi_xlcdc_rgba8888_ws_9x75_curiosity_720x720_round/debug/_ext/778592651/legato_list.o
                0x23f09098                leList_Remove
 .text.leList_Destroy
                0x23f0913c       0x48 build/dsi_xlcdc_rgba8888_ws_9x75_curiosity_720x720_round/debug/_ext/778592651/legato_list.o
                0x23f0913c                leList_Destroy
 .text.drawGlyphRow8bpp
                0x23f09184       0xfc build/dsi_xlcdc_rgba8888_ws_9x75_curiosity_720x720_round/debug/_ext/884895117/legato_font.o
 .text.drawGlyphRow8bppMono
                0x23f09280       0x64 build/dsi_xlcdc_rgba8888_ws_9x75_curiosity_720x720_round/debug/_ext/884895117/legato_font.o
 .text.drawGlyphRow1bppMono
                0x23f092e4       0x64 build/dsi_xlcdc_rgba8888_ws_9x75_curiosity_720x720_round/debug/_ext/884895117/legato_font.o
 .text.drawGlyphRow1bpp
                0x23f09348       0xd0 build/dsi_xlcdc_rgba8888_ws_9x75_curiosity_720x720_round/debug/_ext/884895117/legato_font.o
 .text._drawUnknownGlyph.isra.1
                0x23f09418       0xf4 build/dsi_xlcdc_rgba8888_ws_9x75_curiosity_720x720_round/debug/_ext/884895117/legato_font.o
 .text.leFont_GetGlyphInfo
                0x23f0950c       0xd4 build/dsi_xlcdc_rgba8888_ws_9x75_curiosity_720x720_round/debug/_ext/884895117/legato_font.o
                0x23f0950c                leFont_GetGlyphInfo
 .text.leFont_DrawGlyphData
                0x23f095e0      0x120 build/dsi_xlcdc_rgba8888_ws_9x75_curiosity_720x720_round/debug/_ext/884895117/legato_font.o
                0x23f095e0                leFont_DrawGlyphData
 .text.leFont_DrawGlyphData_Lookup
                0x23f09700      0x2a4 build/dsi_xlcdc_rgba8888_ws_9x75_curiosity_720x720_round/debug/_ext/884895117/legato_font.o
                0x23f09700                leFont_DrawGlyphData_Lookup
 .text.leFont_DrawGlyph
                0x23f099a4       0xb4 build/dsi_xlcdc_rgba8888_ws_9x75_curiosity_720x720_round/debug/_ext/884895117/legato_font.o
                0x23f099a4                leFont_DrawGlyph
 .text.leFont_DrawGlyph_Lookup
                0x23f09a58       0xb8 build/dsi_xlcdc_rgba8888_ws_9x75_curiosity_720x720_round/debug/_ext/884895117/legato_font.o
                0x23f09a58                leFont_DrawGlyph_Lookup
 .text.screenInit_Screen0
                0x23f09b10       0x24 build/dsi_xlcdc_rgba8888_ws_9x75_curiosity_720x720_round/debug/_ext/1322619606/le_gen_screen_Screen0.o
                0x23f09b10                screenInit_Screen0
 .text.screenShow_Screen0
                0x23f09b34      0x8e4 build/dsi_xlcdc_rgba8888_ws_9x75_curiosity_720x720_round/debug/_ext/1322619606/le_gen_screen_Screen0.o
                0x23f09b34                screenShow_Screen0
 .text.screenUpdate_Screen0
                0x23f0a418       0x8c build/dsi_xlcdc_rgba8888_ws_9x75_curiosity_720x720_round/debug/_ext/1322619606/le_gen_screen_Screen0.o
                0x23f0a418                screenUpdate_Screen0
 .text.screenHide_Screen0
                0x23f0a4a4      0x11c build/dsi_xlcdc_rgba8888_ws_9x75_curiosity_720x720_round/debug/_ext/1322619606/le_gen_screen_Screen0.o
                0x23f0a4a4                screenHide_Screen0
 .text.touchMoveHandler
                0x23f0a5c0       0x10 build/dsi_xlcdc_rgba8888_ws_9x75_curiosity_720x720_round/debug/_ext/1965903633/le_gen_harmony.o
 .text.touchUpHandler
                0x23f0a5d0       0x10 build/dsi_xlcdc_rgba8888_ws_9x75_curiosity_720x720_round/debug/_ext/1965903633/le_gen_harmony.o
 .text.touchDownHandler
                0x23f0a5e0       0x10 build/dsi_xlcdc_rgba8888_ws_9x75_curiosity_720x720_round/debug/_ext/1965903633/le_gen_harmony.o
 .text.Legato_Initialize
                0x23f0a5f0       0x98 build/dsi_xlcdc_rgba8888_ws_9x75_curiosity_720x720_round/debug/_ext/1965903633/le_gen_harmony.o
                0x23f0a5f0                Legato_Initialize
 .text.Legato_Tasks
                0x23f0a688       0x48 build/dsi_xlcdc_rgba8888_ws_9x75_curiosity_720x720_round/debug/_ext/1965903633/le_gen_harmony.o
                0x23f0a688                Legato_Tasks
 .text.initializeStrings
                0x23f0a6d0       0x88 build/dsi_xlcdc_rgba8888_ws_9x75_curiosity_720x720_round/debug/_ext/1965903633/le_gen_stringtable.o
                0x23f0a6d0                initializeStrings
 .text.legato_initializeScreenState
                0x23f0a758       0x3c build/dsi_xlcdc_rgba8888_ws_9x75_curiosity_720x720_round/debug/_ext/1965903633/le_gen_init.o
                0x23f0a758                legato_initializeScreenState
 .text.legato_updateScreenState
                0x23f0a794       0x78 build/dsi_xlcdc_rgba8888_ws_9x75_curiosity_720x720_round/debug/_ext/1965903633/le_gen_init.o
                0x23f0a794                legato_updateScreenState
 .text.JPEG_bGet1Bit
                0x23f0a80c      0x138 build/dsi_xlcdc_rgba8888_ws_9x75_curiosity_720x720_round/debug/_ext/979623078/legato_imagedecoder_jpeg_common.o
 .text.JPEG_vResetDecoder
                0x23f0a944        0xc build/dsi_xlcdc_rgba8888_ws_9x75_curiosity_720x720_round/debug/_ext/979623078/legato_imagedecoder_jpeg_common.o
                0x23f0a944                JPEG_vResetDecoder
 .text.JPEG_bReadHeader
                0x23f0a950      0xae4 build/dsi_xlcdc_rgba8888_ws_9x75_curiosity_720x720_round/debug/_ext/979623078/legato_imagedecoder_jpeg_common.o
                0x23f0a950                JPEG_bReadHeader
 .text.JPEG_bGenerateHuffmanTables
                0x23f0b434      0x4a8 build/dsi_xlcdc_rgba8888_ws_9x75_curiosity_720x720_round/debug/_ext/979623078/legato_imagedecoder_jpeg_common.o
                0x23f0b434                JPEG_bGenerateHuffmanTables
 .text.JPEG_bDecodeOneBlock
                0x23f0b8dc      0x56c build/dsi_xlcdc_rgba8888_ws_9x75_curiosity_720x720_round/debug/_ext/979623078/legato_imagedecoder_jpeg_common.o
                0x23f0b8dc                JPEG_bDecodeOneBlock
 .text.JPEG_vInitDisplay
                0x23f0be48       0x10 build/dsi_xlcdc_rgba8888_ws_9x75_curiosity_720x720_round/debug/_ext/979623078/legato_imagedecoder_jpeg_common.o
                0x23f0be48                JPEG_vInitDisplay
 .text.JPEG_bPaintOneBlock
                0x23f0be58      0xae0 build/dsi_xlcdc_rgba8888_ws_9x75_curiosity_720x720_round/debug/_ext/979623078/legato_imagedecoder_jpeg_common.o
                0x23f0be58                JPEG_bPaintOneBlock
 .text.jpeg_idct_islow_leg
                0x23f0c938      0x538 build/dsi_xlcdc_rgba8888_ws_9x75_curiosity_720x720_round/debug/_ext/979623078/jidctint.o
                0x23f0c938                jpeg_idct_islow_leg
 .text._supportsImage
                0x23f0ce70       0x20 build/dsi_xlcdc_rgba8888_ws_9x75_curiosity_720x720_round/debug/_ext/979623078/legato_imagedecoder_jpeg.o
 .text.internalMemoryRead
                0x23f0ce90       0x48 build/dsi_xlcdc_rgba8888_ws_9x75_curiosity_720x720_round/debug/_ext/979623078/legato_imagedecoder_jpeg.o
 .text.exec     0x23f0ced8        0x8 build/dsi_xlcdc_rgba8888_ws_9x75_curiosity_720x720_round/debug/_ext/979623078/legato_imagedecoder_jpeg.o
 .text._render  0x23f0cee0      0x1e4 build/dsi_xlcdc_rgba8888_ws_9x75_curiosity_720x720_round/debug/_ext/979623078/legato_imagedecoder_jpeg.o
 .text._draw    0x23f0d0c4      0x1e8 build/dsi_xlcdc_rgba8888_ws_9x75_curiosity_720x720_round/debug/_ext/979623078/legato_imagedecoder_jpeg.o
 .text.blitToImage
                0x23f0d2ac       0xac build/dsi_xlcdc_rgba8888_ws_9x75_curiosity_720x720_round/debug/_ext/979623078/legato_imagedecoder_jpeg.o
 .text.blitToFrameBuffer
                0x23f0d358       0xa0 build/dsi_xlcdc_rgba8888_ws_9x75_curiosity_720x720_round/debug/_ext/979623078/legato_imagedecoder_jpeg.o
 .text._leJPEGImageDecoder_Init
                0x23f0d3f8       0x60 build/dsi_xlcdc_rgba8888_ws_9x75_curiosity_720x720_round/debug/_ext/979623078/legato_imagedecoder_jpeg.o
                0x23f0d3f8                _leJPEGImageDecoder_Init
 .text.stage_decode
                0x23f0d458       0x3c build/dsi_xlcdc_rgba8888_ws_9x75_curiosity_720x720_round/debug/_ext/979534379/legato_imagedecoder_mono_read_internal.o
 .text._leMonoImageDecoder_ReadStage_Internal
                0x23f0d494       0x2c build/dsi_xlcdc_rgba8888_ws_9x75_curiosity_720x720_round/debug/_ext/979534379/legato_imagedecoder_mono_read_internal.o
                0x23f0d494                _leMonoImageDecoder_ReadStage_Internal
 .text._supportsImage
                0x23f0d4c0       0x14 build/dsi_xlcdc_rgba8888_ws_9x75_curiosity_720x720_round/debug/_ext/979534379/legato_imagedecoder_mono.o
 .text._decoderIsDone
                0x23f0d4d4       0x10 build/dsi_xlcdc_rgba8888_ws_9x75_curiosity_720x720_round/debug/_ext/979534379/legato_imagedecoder_mono.o
 .text.stage_sourceIterateSetup
                0x23f0d4e4       0xb0 build/dsi_xlcdc_rgba8888_ws_9x75_curiosity_720x720_round/debug/_ext/979534379/legato_imagedecoder_mono.o
 .text.stage_FrameBufferWrite
                0x23f0d594       0x20 build/dsi_xlcdc_rgba8888_ws_9x75_curiosity_720x720_round/debug/_ext/979534379/legato_imagedecoder_mono.o
 .text.stage_ImageWrite
                0x23f0d5b4       0x28 build/dsi_xlcdc_rgba8888_ws_9x75_curiosity_720x720_round/debug/_ext/979534379/legato_imagedecoder_mono.o
 .text._decoderExec
                0x23f0d5dc       0xb4 build/dsi_xlcdc_rgba8888_ws_9x75_curiosity_720x720_round/debug/_ext/979534379/legato_imagedecoder_mono.o
 .text._decoderCleanup
                0x23f0d690       0x50 build/dsi_xlcdc_rgba8888_ws_9x75_curiosity_720x720_round/debug/_ext/979534379/legato_imagedecoder_mono.o
 .text._draw    0x23f0d6e0      0x39c build/dsi_xlcdc_rgba8888_ws_9x75_curiosity_720x720_round/debug/_ext/979534379/legato_imagedecoder_mono.o
 .text._copy    0x23f0da7c      0x3c0 build/dsi_xlcdc_rgba8888_ws_9x75_curiosity_720x720_round/debug/_ext/979534379/legato_imagedecoder_mono.o
 .text._leMonoImageDecoder_Init
                0x23f0de3c       0x84 build/dsi_xlcdc_rgba8888_ws_9x75_curiosity_720x720_round/debug/_ext/979534379/legato_imagedecoder_mono.o
                0x23f0de3c                _leMonoImageDecoder_Init
 .text._leMonoImageDecoder_InjectStage
                0x23f0dec0      0x12c build/dsi_xlcdc_rgba8888_ws_9x75_curiosity_720x720_round/debug/_ext/979534379/legato_imagedecoder_mono.o
                0x23f0dec0                _leMonoImageDecoder_InjectStage
 .text._supportsImage
                0x23f0dfec       0x20 build/dsi_xlcdc_rgba8888_ws_9x75_curiosity_720x720_round/debug/_ext/799688951/legato_imagedecoder_png.o
 .text._decoderCleanup
                0x23f0e00c        0x4 build/dsi_xlcdc_rgba8888_ws_9x75_curiosity_720x720_round/debug/_ext/799688951/legato_imagedecoder_png.o
 .text._decoderExec
                0x23f0e010        0x8 build/dsi_xlcdc_rgba8888_ws_9x75_curiosity_720x720_round/debug/_ext/799688951/legato_imagedecoder_png.o
 .text._decoderIsDone
                0x23f0e018        0x8 build/dsi_xlcdc_rgba8888_ws_9x75_curiosity_720x720_round/debug/_ext/799688951/legato_imagedecoder_png.o
 .text._render  0x23f0e020       0xe0 build/dsi_xlcdc_rgba8888_ws_9x75_curiosity_720x720_round/debug/_ext/799688951/legato_imagedecoder_png.o
 .text._draw    0x23f0e100      0x1d0 build/dsi_xlcdc_rgba8888_ws_9x75_curiosity_720x720_round/debug/_ext/799688951/legato_imagedecoder_png.o
 .text._lePNGImageDecoder_Init
                0x23f0e2d0       0x70 build/dsi_xlcdc_rgba8888_ws_9x75_curiosity_720x720_round/debug/_ext/799688951/legato_imagedecoder_png.o
                0x23f0e2d0                _lePNGImageDecoder_Init
 .text.Adam7_getpassvalues
                0x23f0e340      0x478 build/dsi_xlcdc_rgba8888_ws_9x75_curiosity_720x720_round/debug/_ext/799688951/lodepng.o
 .text.unfilter
                0x23f0e7b8      0xbb0 build/dsi_xlcdc_rgba8888_ws_9x75_curiosity_720x720_round/debug/_ext/799688951/lodepng.o
 .text.removePaddingBits
                0x23f0f368       0xac build/dsi_xlcdc_rgba8888_ws_9x75_curiosity_720x720_round/debug/_ext/799688951/lodepng.o
 .text.postProcessScanlines
                0x23f0f414      0x80c build/dsi_xlcdc_rgba8888_ws_9x75_curiosity_720x720_round/debug/_ext/799688951/lodepng.o
 .text.LodePNGIText_cleanup
                0x23f0fc20       0x90 build/dsi_xlcdc_rgba8888_ws_9x75_curiosity_720x720_round/debug/_ext/799688951/lodepng.o
 .text.color_tree_cleanup
                0x23f0fcb0       0x30 build/dsi_xlcdc_rgba8888_ws_9x75_curiosity_720x720_round/debug/_ext/799688951/lodepng.o
 .text.lodepng_color_mode_equal
                0x23f0fce0       0xdc build/dsi_xlcdc_rgba8888_ws_9x75_curiosity_720x720_round/debug/_ext/799688951/lodepng.o
 .text.ucvector_reserve.isra.4
                0x23f0fdbc       0x5c build/dsi_xlcdc_rgba8888_ws_9x75_curiosity_720x720_round/debug/_ext/799688951/lodepng.o
 .text.HuffmanTree_makeFromLengths2
                0x23f0fe18      0x3b8 build/dsi_xlcdc_rgba8888_ws_9x75_curiosity_720x720_round/debug/_ext/799688951/lodepng.o
 .text.lodepng_inflatev.isra.6
                0x23f101d0     0x1640 build/dsi_xlcdc_rgba8888_ws_9x75_curiosity_720x720_round/debug/_ext/799688951/lodepng.o
 .text.lodepng_zlib_decompress
                0x23f11810      0x1c8 build/dsi_xlcdc_rgba8888_ws_9x75_curiosity_720x720_round/debug/_ext/799688951/lodepng.o
                0x23f11810                lodepng_zlib_decompress
 .text.lodepng_chunk_check_crc
                0x23f119d8       0xb4 build/dsi_xlcdc_rgba8888_ws_9x75_curiosity_720x720_round/debug/_ext/799688951/lodepng.o
                0x23f119d8                lodepng_chunk_check_crc
 .text.lodepng_add_text
                0x23f11a8c      0x1d0 build/dsi_xlcdc_rgba8888_ws_9x75_curiosity_720x720_round/debug/_ext/799688951/lodepng.o
                0x23f11a8c                lodepng_add_text
 .text.lodepng_add_itext
                0x23f11c5c      0x394 build/dsi_xlcdc_rgba8888_ws_9x75_curiosity_720x720_round/debug/_ext/799688951/lodepng.o
                0x23f11c5c                lodepng_add_itext
 .text.lodepng_info_cleanup
                0x23f11ff0       0x98 build/dsi_xlcdc_rgba8888_ws_9x75_curiosity_720x720_round/debug/_ext/799688951/lodepng.o
                0x23f11ff0                lodepng_info_cleanup
 .text.lodepng_convert
                0x23f12088     0x185c build/dsi_xlcdc_rgba8888_ws_9x75_curiosity_720x720_round/debug/_ext/799688951/lodepng.o
                0x23f12088                lodepng_convert
 .text.lodepng_inspect
                0x23f138e4      0x4dc build/dsi_xlcdc_rgba8888_ws_9x75_curiosity_720x720_round/debug/_ext/799688951/lodepng.o
                0x23f138e4                lodepng_inspect
 .text.decodeGeneric
                0x23f13dc0     0x1c7c build/dsi_xlcdc_rgba8888_ws_9x75_curiosity_720x720_round/debug/_ext/799688951/lodepng.o
 .text.lodepng_decode_memory
                0x23f15a3c      0x2b8 build/dsi_xlcdc_rgba8888_ws_9x75_curiosity_720x720_round/debug/_ext/799688951/lodepng.o
                0x23f15a3c                lodepng_decode_memory
 .text.stage_convertColor
                0x23f15cf4       0x2c build/dsi_xlcdc_rgba8888_ws_9x75_curiosity_720x720_round/debug/_ext/799690486/legato_imagedecoder_raw_convert.o
 .text._leRawImageDecoder_ConvertStage
                0x23f15d20       0x80 build/dsi_xlcdc_rgba8888_ws_9x75_curiosity_720x720_round/debug/_ext/799690486/legato_imagedecoder_raw_convert.o
                0x23f15d20                _leRawImageDecoder_ConvertStage
 .text.stage_FrameBufferWrite
                0x23f15da0       0x24 build/dsi_xlcdc_rgba8888_ws_9x75_curiosity_720x720_round/debug/_ext/799690486/legato_imagedecoder_raw_write.o
 .text.stage_ImageWrite
                0x23f15dc4       0x28 build/dsi_xlcdc_rgba8888_ws_9x75_curiosity_720x720_round/debug/_ext/799690486/legato_imagedecoder_raw_write.o
 .text._leRawImageDecoder_FrameBufferWriteStage
                0x23f15dec       0x2c build/dsi_xlcdc_rgba8888_ws_9x75_curiosity_720x720_round/debug/_ext/799690486/legato_imagedecoder_raw_write.o
                0x23f15dec                _leRawImageDecoder_FrameBufferWriteStage
 .text._leRawImageDecoder_ImageWriteStage
                0x23f15e18       0x2c build/dsi_xlcdc_rgba8888_ws_9x75_curiosity_720x720_round/debug/_ext/799690486/legato_imagedecoder_raw_write.o
                0x23f15e18                _leRawImageDecoder_ImageWriteStage
 .text.stage_decode
                0x23f15e44       0x5c build/dsi_xlcdc_rgba8888_ws_9x75_curiosity_720x720_round/debug/_ext/799690486/legato_imagedecoder_raw_read_internal.o
 .text.rleRandomDecode
                0x23f15ea0       0x50 build/dsi_xlcdc_rgba8888_ws_9x75_curiosity_720x720_round/debug/_ext/799690486/legato_imagedecoder_raw_read_internal.o
 .text.rleSequentialDecode
                0x23f15ef0       0x48 build/dsi_xlcdc_rgba8888_ws_9x75_curiosity_720x720_round/debug/_ext/799690486/legato_imagedecoder_raw_read_internal.o
 .text.colorDecode
                0x23f15f38       0x34 build/dsi_xlcdc_rgba8888_ws_9x75_curiosity_720x720_round/debug/_ext/799690486/legato_imagedecoder_raw_read_internal.o
 .text.indexRLERandomDecode
                0x23f15f6c       0x80 build/dsi_xlcdc_rgba8888_ws_9x75_curiosity_720x720_round/debug/_ext/799690486/legato_imagedecoder_raw_read_internal.o
 .text.indexRLESequentialDecode
                0x23f15fec       0x74 build/dsi_xlcdc_rgba8888_ws_9x75_curiosity_720x720_round/debug/_ext/799690486/legato_imagedecoder_raw_read_internal.o
 .text.indexDecode
                0x23f16060       0x30 build/dsi_xlcdc_rgba8888_ws_9x75_curiosity_720x720_round/debug/_ext/799690486/legato_imagedecoder_raw_read_internal.o
 .text._leRawImageDecoder_ReadStage_Internal
                0x23f16090       0xe0 build/dsi_xlcdc_rgba8888_ws_9x75_curiosity_720x720_round/debug/_ext/799690486/legato_imagedecoder_raw_read_internal.o
                0x23f16090                _leRawImageDecoder_ReadStage_Internal
 .text.stage_postRead
                0x23f16170       0x14 build/dsi_xlcdc_rgba8888_ws_9x75_curiosity_720x720_round/debug/_ext/799690486/legato_imagedecoder_raw_scale.o
 .text.stage_scaledNearestNeighborPreRead
                0x23f16184       0xa0 build/dsi_xlcdc_rgba8888_ws_9x75_curiosity_720x720_round/debug/_ext/799690486/legato_imagedecoder_raw_scale.o
 .text.stage_bilinearPreRead
                0x23f16224      0x154 build/dsi_xlcdc_rgba8888_ws_9x75_curiosity_720x720_round/debug/_ext/799690486/legato_imagedecoder_raw_scale.o
 .text.stage_scaledBilinearPostRead
                0x23f16378       0x8c build/dsi_xlcdc_rgba8888_ws_9x75_curiosity_720x720_round/debug/_ext/799690486/legato_imagedecoder_raw_scale.o
 .text._leRawImageDecoder_ScaleNearestNeighborPreReadStage
                0x23f16404       0x6c build/dsi_xlcdc_rgba8888_ws_9x75_curiosity_720x720_round/debug/_ext/799690486/legato_imagedecoder_raw_scale.o
                0x23f16404                _leRawImageDecoder_ScaleNearestNeighborPreReadStage
 .text._leRawImageDecoder_ScaleBilinearPreReadStage
                0x23f16470       0x74 build/dsi_xlcdc_rgba8888_ws_9x75_curiosity_720x720_round/debug/_ext/799690486/legato_imagedecoder_raw_scale.o
                0x23f16470                _leRawImageDecoder_ScaleBilinearPreReadStage
 .text._leRawImageDecoder_PostReadStage
                0x23f164e4       0x2c build/dsi_xlcdc_rgba8888_ws_9x75_curiosity_720x720_round/debug/_ext/799690486/legato_imagedecoder_raw_scale.o
                0x23f164e4                _leRawImageDecoder_PostReadStage
 .text._leRawImageDecoder_ScaleBilinearPostReadStage
                0x23f16510       0x2c build/dsi_xlcdc_rgba8888_ws_9x75_curiosity_720x720_round/debug/_ext/799690486/legato_imagedecoder_raw_scale.o
                0x23f16510                _leRawImageDecoder_ScaleBilinearPostReadStage
 .text.stage_rejectMaskedColor
                0x23f1653c       0x24 build/dsi_xlcdc_rgba8888_ws_9x75_curiosity_720x720_round/debug/_ext/799690486/legato_imagedecoder_raw_mask.o
 .text._leRawImageDecoder_MaskStage_Internal
                0x23f16560       0x2c build/dsi_xlcdc_rgba8888_ws_9x75_curiosity_720x720_round/debug/_ext/799690486/legato_imagedecoder_raw_mask.o
                0x23f16560                _leRawImageDecoder_MaskStage_Internal
 .text.stage_BlendRGBA5551
                0x23f1658c       0x1c build/dsi_xlcdc_rgba8888_ws_9x75_curiosity_720x720_round/debug/_ext/799690486/legato_imagedecoder_raw_blend.o
 .text.stage_BlendARGB8888
                0x23f165a8       0x70 build/dsi_xlcdc_rgba8888_ws_9x75_curiosity_720x720_round/debug/_ext/799690486/legato_imagedecoder_raw_blend.o
 .text.stage_BlendRGBA8888
                0x23f16618       0x70 build/dsi_xlcdc_rgba8888_ws_9x75_curiosity_720x720_round/debug/_ext/799690486/legato_imagedecoder_raw_blend.o
 .text._leRawImageDecoder_BlendStage_Internal
                0x23f16688       0x9c build/dsi_xlcdc_rgba8888_ws_9x75_curiosity_720x720_round/debug/_ext/799690486/legato_imagedecoder_raw_blend.o
                0x23f16688                _leRawImageDecoder_BlendStage_Internal
 .text._supportsImage
                0x23f16724       0x14 build/dsi_xlcdc_rgba8888_ws_9x75_curiosity_720x720_round/debug/_ext/799690486/legato_imagedecoder_raw.o
 .text._decoderIsDone
                0x23f16738       0x10 build/dsi_xlcdc_rgba8888_ws_9x75_curiosity_720x720_round/debug/_ext/799690486/legato_imagedecoder_raw.o
 .text._copy    0x23f16748      0x178 build/dsi_xlcdc_rgba8888_ws_9x75_curiosity_720x720_round/debug/_ext/799690486/legato_imagedecoder_raw.o
 .text._decoderExec
                0x23f168c0       0xb4 build/dsi_xlcdc_rgba8888_ws_9x75_curiosity_720x720_round/debug/_ext/799690486/legato_imagedecoder_raw.o
 .text._decoderCleanup
                0x23f16974       0x50 build/dsi_xlcdc_rgba8888_ws_9x75_curiosity_720x720_round/debug/_ext/799690486/legato_imagedecoder_raw.o
 .text._resize  0x23f169c4      0x228 build/dsi_xlcdc_rgba8888_ws_9x75_curiosity_720x720_round/debug/_ext/799690486/legato_imagedecoder_raw.o
 .text._render  0x23f16bec      0x2f8 build/dsi_xlcdc_rgba8888_ws_9x75_curiosity_720x720_round/debug/_ext/799690486/legato_imagedecoder_raw.o
 .text._draw    0x23f16ee4      0x368 build/dsi_xlcdc_rgba8888_ws_9x75_curiosity_720x720_round/debug/_ext/799690486/legato_imagedecoder_raw.o
 .text._resizeDraw
                0x23f1724c      0x2c0 build/dsi_xlcdc_rgba8888_ws_9x75_curiosity_720x720_round/debug/_ext/799690486/legato_imagedecoder_raw.o
 .text._rotateDraw
                0x23f1750c      0x2f4 build/dsi_xlcdc_rgba8888_ws_9x75_curiosity_720x720_round/debug/_ext/799690486/legato_imagedecoder_raw.o
 .text._rotate  0x23f17800      0x2f4 build/dsi_xlcdc_rgba8888_ws_9x75_curiosity_720x720_round/debug/_ext/799690486/legato_imagedecoder_raw.o
 .text._leRawImageDecoder_Init
                0x23f17af4       0xa8 build/dsi_xlcdc_rgba8888_ws_9x75_curiosity_720x720_round/debug/_ext/799690486/legato_imagedecoder_raw.o
                0x23f17af4                _leRawImageDecoder_Init
 .text._leRawImageDecoder_InjectStage
                0x23f17b9c      0x12c build/dsi_xlcdc_rgba8888_ws_9x75_curiosity_720x720_round/debug/_ext/799690486/legato_imagedecoder_raw.o
                0x23f17b9c                _leRawImageDecoder_InjectStage
 .text.stage_sourceIterateSetup
                0x23f17cc8       0xb0 build/dsi_xlcdc_rgba8888_ws_9x75_curiosity_720x720_round/debug/_ext/799690486/legato_imagedecoder_raw_setup.o
 .text.stage_targetIterateSetup
                0x23f17d78       0x84 build/dsi_xlcdc_rgba8888_ws_9x75_curiosity_720x720_round/debug/_ext/799690486/legato_imagedecoder_raw_setup.o
 .text._leRawImageDecoder_SourceIterateSetupStage
                0x23f17dfc       0x3c build/dsi_xlcdc_rgba8888_ws_9x75_curiosity_720x720_round/debug/_ext/799690486/legato_imagedecoder_raw_setup.o
                0x23f17dfc                _leRawImageDecoder_SourceIterateSetupStage
 .text._leRawImageDecoder_TargetIterateSetupStage
                0x23f17e38       0x3c build/dsi_xlcdc_rgba8888_ws_9x75_curiosity_720x720_round/debug/_ext/799690486/legato_imagedecoder_raw_setup.o
                0x23f17e38                _leRawImageDecoder_TargetIterateSetupStage
 .text.stage_rotateNearestNeighborPreRead
                0x23f17e74       0xdc build/dsi_xlcdc_rgba8888_ws_9x75_curiosity_720x720_round/debug/_ext/799690486/legato_imagedecoder_raw_rotate.o
 .text.stage_bilinearPreRead
                0x23f17f50      0x188 build/dsi_xlcdc_rgba8888_ws_9x75_curiosity_720x720_round/debug/_ext/799690486/legato_imagedecoder_raw_rotate.o
 .text.stage_rotateBilinearPostRead
                0x23f180d8       0x50 build/dsi_xlcdc_rgba8888_ws_9x75_curiosity_720x720_round/debug/_ext/799690486/legato_imagedecoder_raw_rotate.o
 .text._leRawImageDecoder_RotateNearestNeighborPreReadStage
                0x23f18128       0x2c build/dsi_xlcdc_rgba8888_ws_9x75_curiosity_720x720_round/debug/_ext/799690486/legato_imagedecoder_raw_rotate.o
                0x23f18128                _leRawImageDecoder_RotateNearestNeighborPreReadStage
 .text._leRawImageDecoder_RotateBilinearPreReadStage
                0x23f18154       0x38 build/dsi_xlcdc_rgba8888_ws_9x75_curiosity_720x720_round/debug/_ext/799690486/legato_imagedecoder_raw_rotate.o
                0x23f18154                _leRawImageDecoder_RotateBilinearPreReadStage
 .text._leRawImageDecoder_RotateBilinearPostReadStage
                0x23f1818c       0x2c build/dsi_xlcdc_rgba8888_ws_9x75_curiosity_720x720_round/debug/_ext/799690486/legato_imagedecoder_raw_rotate.o
                0x23f1818c                _leRawImageDecoder_RotateBilinearPostReadStage
 .text.stage_imageRenderPostLookup
                0x23f181b8       0x40 build/dsi_xlcdc_rgba8888_ws_9x75_curiosity_720x720_round/debug/_ext/799690486/legato_imagedecoder_raw_palette_internal.o
 .text.stage_lookup
                0x23f181f8       0x3c build/dsi_xlcdc_rgba8888_ws_9x75_curiosity_720x720_round/debug/_ext/799690486/legato_imagedecoder_raw_palette_internal.o
 .text._leRawImageDecoder_LookupStage_Internal
                0x23f18234       0x54 build/dsi_xlcdc_rgba8888_ws_9x75_curiosity_720x720_round/debug/_ext/799690486/legato_imagedecoder_raw_palette_internal.o
                0x23f18234                _leRawImageDecoder_LookupStage_Internal
 .text._leRawImageDecoder_ImageRenderPostLookupStage
                0x23f18288       0x3c build/dsi_xlcdc_rgba8888_ws_9x75_curiosity_720x720_round/debug/_ext/799690486/legato_imagedecoder_raw_palette_internal.o
                0x23f18288                _leRawImageDecoder_ImageRenderPostLookupStage
 .text.getDiscreteValueAtIndex1
                0x23f182c4       0x18 build/dsi_xlcdc_rgba8888_ws_9x75_curiosity_720x720_round/debug/_ext/1664643037/legato_image_utils.o
 .text.getDiscreteValueAtIndex4
                0x23f182dc       0x14 build/dsi_xlcdc_rgba8888_ws_9x75_curiosity_720x720_round/debug/_ext/1664643037/legato_image_utils.o
 .text.getDiscreteValueAtIndex8
                0x23f182f0        0x8 build/dsi_xlcdc_rgba8888_ws_9x75_curiosity_720x720_round/debug/_ext/1664643037/legato_image_utils.o
 .text.calcOffset1bpp
                0x23f182f8        0x8 build/dsi_xlcdc_rgba8888_ws_9x75_curiosity_720x720_round/debug/_ext/1664643037/legato_image_utils.o
 .text.calcOffset4bpp
                0x23f18300        0x8 build/dsi_xlcdc_rgba8888_ws_9x75_curiosity_720x720_round/debug/_ext/1664643037/legato_image_utils.o
 .text.calcOffset8bpp
                0x23f18308        0x4 build/dsi_xlcdc_rgba8888_ws_9x75_curiosity_720x720_round/debug/_ext/1664643037/legato_image_utils.o
 .text.calcOffset16bpp
                0x23f1830c        0x8 build/dsi_xlcdc_rgba8888_ws_9x75_curiosity_720x720_round/debug/_ext/1664643037/legato_image_utils.o
 .text.calcOffset24bpp
                0x23f18314        0x8 build/dsi_xlcdc_rgba8888_ws_9x75_curiosity_720x720_round/debug/_ext/1664643037/legato_image_utils.o
 .text.calcOffset32bpp
                0x23f1831c        0x8 build/dsi_xlcdc_rgba8888_ws_9x75_curiosity_720x720_round/debug/_ext/1664643037/legato_image_utils.o
 .text.leGetRLEDataAtIndex
                0x23f18324       0xd8 build/dsi_xlcdc_rgba8888_ws_9x75_curiosity_720x720_round/debug/_ext/1664643037/legato_image_utils.o
                0x23f18324                leGetRLEDataAtIndex
 .text.leGetDiscreteValueAtIndex
                0x23f183fc       0x10 build/dsi_xlcdc_rgba8888_ws_9x75_curiosity_720x720_round/debug/_ext/1664643037/legato_image_utils.o
                0x23f183fc                leGetDiscreteValueAtIndex
 .text.leGetOffsetFromIndexAndBPP
                0x23f1840c       0x10 build/dsi_xlcdc_rgba8888_ws_9x75_curiosity_720x720_round/debug/_ext/1664643037/legato_image_utils.o
                0x23f1840c                leGetOffsetFromIndexAndBPP
 .text.leImage_InitDecoders
                0x23f1841c       0x30 build/dsi_xlcdc_rgba8888_ws_9x75_curiosity_720x720_round/debug/_ext/1664643037/legato_image.o
                0x23f1841c                leImage_InitDecoders
 .text.leImage_Create
                0x23f1844c       0x88 build/dsi_xlcdc_rgba8888_ws_9x75_curiosity_720x720_round/debug/_ext/1664643037/legato_image.o
                0x23f1844c                leImage_Create
 .text.leImage_Allocate
                0x23f184d4       0xc0 build/dsi_xlcdc_rgba8888_ws_9x75_curiosity_720x720_round/debug/_ext/1664643037/legato_image.o
                0x23f184d4                leImage_Allocate
 .text.leImage_Draw
                0x23f18594       0xd0 build/dsi_xlcdc_rgba8888_ws_9x75_curiosity_720x720_round/debug/_ext/1664643037/legato_image.o
                0x23f18594                leImage_Draw
 .text._growAllocBlock
                0x23f18664      0x26c build/dsi_xlcdc_rgba8888_ws_9x75_curiosity_720x720_round/debug/_ext/171820735/legato_variableheap.o
 .text._combineFreeBlockNext
                0x23f188d0      0x134 build/dsi_xlcdc_rgba8888_ws_9x75_curiosity_720x720_round/debug/_ext/171820735/legato_variableheap.o
 .text._freeBlock
                0x23f18a04      0x218 build/dsi_xlcdc_rgba8888_ws_9x75_curiosity_720x720_round/debug/_ext/171820735/legato_variableheap.o
 .text.leVariableHeap_Init
                0x23f18c1c       0x58 build/dsi_xlcdc_rgba8888_ws_9x75_curiosity_720x720_round/debug/_ext/171820735/legato_variableheap.o
                0x23f18c1c                leVariableHeap_Init
 .text.leVariableHeap_Alloc
                0x23f18c74      0x1fc build/dsi_xlcdc_rgba8888_ws_9x75_curiosity_720x720_round/debug/_ext/171820735/legato_variableheap.o
                0x23f18c74                leVariableHeap_Alloc
 .text.leVariableHeap_Realloc
                0x23f18e70      0x63c build/dsi_xlcdc_rgba8888_ws_9x75_curiosity_720x720_round/debug/_ext/171820735/legato_variableheap.o
                0x23f18e70                leVariableHeap_Realloc
 .text.leVariableHeap_Free
                0x23f194ac       0x14 build/dsi_xlcdc_rgba8888_ws_9x75_curiosity_720x720_round/debug/_ext/171820735/legato_variableheap.o
                0x23f194ac                leVariableHeap_Free
 .text.leVariableHeap_Contains
                0x23f194c0       0x20 build/dsi_xlcdc_rgba8888_ws_9x75_curiosity_720x720_round/debug/_ext/171820735/legato_variableheap.o
                0x23f194c0                leVariableHeap_Contains
 .text.leVariableHeap_SizeOf
                0x23f194e0        0x8 build/dsi_xlcdc_rgba8888_ws_9x75_curiosity_720x720_round/debug/_ext/171820735/legato_variableheap.o
                0x23f194e0                leVariableHeap_SizeOf
 .text.leVariableHeap_Validate
                0x23f194e8        0x8 build/dsi_xlcdc_rgba8888_ws_9x75_curiosity_720x720_round/debug/_ext/171820735/legato_variableheap.o
                0x23f194e8                leVariableHeap_Validate
 .text.leFixedHeap_Init
                0x23f194f0       0xb4 build/dsi_xlcdc_rgba8888_ws_9x75_curiosity_720x720_round/debug/_ext/171820735/legato_fixedheap.o
                0x23f194f0                leFixedHeap_Init
 .text.leFixedHeap_Alloc